16:31:16 **** インクリメンタル・ビルド of configuration Debug for project 20250304_struct_it2 ****
make -j16 all 
arm-none-eabi-gcc "../Core/Src/main.c" -mcpu=cortex-m4 -std=gnu11 -g3 -DDEBUG -DUSE_HAL_DRIVER -DSTM32F446xx -c -I../Core/Inc -I../Drivers/STM32F4xx_HAL_Driver/Inc -I../Drivers/STM32F4xx_HAL_Driver/Inc/Legacy -I../Drivers/CMSIS/Device/ST/STM32F4xx/Include -I../Drivers/CMSIS/Include -O0 -ffunction-sections -fdata-sections -Wall -fstack-usage -fcyclomatic-complexity -MMD -MP -MF"Core/Src/main.d" -MT"Core/Src/main.o" --specs=nano.specs -mfpu=fpv4-sp-d16 -mfloat-abi=hard -mthumb -o "Core/Src/main.o"
arm-none-eabi-gcc -o "20250304_struct_it2.elf" @"objects.list"   -mcpu=cortex-m4 -T"D:\OneDrive - 独立行政法人 国立高等専門学校機構\github\development-F446RE\20250304_struct_it2\STM32F446RETX_FLASH.ld" --specs=nosys.specs -Wl,-Map="20250304_struct_it2.map" -Wl,--gc-sections -static --specs=nano.specs -mfpu=fpv4-sp-d16 -mfloat-abi=hard -mthumb -Wl,--start-group -lc -lm -Wl,--end-group
Finished building target: 20250304_struct_it2.elf
 
arm-none-eabi-size  20250304_struct_it2.elf 
arm-none-eabi-objdump -h -S 20250304_struct_it2.elf  > "20250304_struct_it2.list"
   text	   data	    bss	    dec	    hex	filename
  17656	    104	   2096	  19856	   4d90	20250304_struct_it2.elf
Finished building: default.size.stdout
 
Finished building: 20250304_struct_it2.list
 

16:31:17 Build Finished. 0 errors, 0 warnings. (経過 1s.134ms)

