11:12:41 **** インクリメンタル・ビルド of configuration Debug for project 20250221_analogread ****
make -j16 all 
arm-none-eabi-gcc "../Core/Src/main.c" -mcpu=cortex-m4 -std=gnu11 -g3 -DDEBUG -DUSE_HAL_DRIVER -DSTM32F446xx -c -I../Core/Inc -I../Drivers/STM32F4xx_HAL_Driver/Inc -I../Drivers/STM32F4xx_HAL_Driver/Inc/Legacy -I../Drivers/CMSIS/Device/ST/STM32F4xx/Include -I../Drivers/CMSIS/Include -O0 -ffunction-sections -fdata-sections -Wall -fstack-usage -fcyclomatic-complexity -MMD -MP -MF"Core/Src/main.d" -MT"Core/Src/main.o" --specs=nano.specs -mfpu=fpv4-sp-d16 -mfloat-abi=hard -mthumb -o "Core/Src/main.o"
arm-none-eabi-gcc -o "20250221_analogread.elf" @"objects.list"   -mcpu=cortex-m4 -T"D:\OneDrive - 独立行政法人 国立高等専門学校機構\github\development-F446RE\20250221_analogread\STM32F446RETX_FLASH.ld" --specs=nosys.specs -Wl,-Map="20250221_analogread.map" -Wl,--gc-sections -static --specs=nano.specs -mfpu=fpv4-sp-d16 -mfloat-abi=hard -mthumb -u _printf_float -Wl,--start-group -lc -lm -Wl,--end-group
Finished building target: 20250221_analogread.elf
 
arm-none-eabi-size  20250221_analogread.elf 
arm-none-eabi-objdump -h -S 20250221_analogread.elf  > "20250221_analogread.list"
arm-none-eabi-objcopy  -O binary 20250221_analogread.elf  "20250221_analogread.bin"
   text	   data	    bss	    dec	    hex	filename
  25788	    468	   2052	  28308	   6e94	20250221_analogread.elf
Finished building: default.size.stdout
 
Finished building: 20250221_analogread.list
Finished building: 20250221_analogread.bin
 
 

11:12:43 Build Finished. 0 errors, 0 warnings. (経過 1s.439ms)

