11:36:24 **** ビルド of configuration Debug for project 20250305_struct_it4 ****
make -j16 all 
arm-none-eabi-gcc -o "20250305_struct_it4.elf" @"objects.list"   -mcpu=cortex-m4 -T"D:\OneDrive - 独立行政法人 国立高等専門学校機構\github\development-F446RE\20250305_struct_it4\STM32F446RETX_FLASH.ld" --specs=nosys.specs -Wl,-Map="20250305_struct_it4.map" -Wl,--gc-sections -static --specs=nano.specs -mfpu=fpv4-sp-d16 -mfloat-abi=hard -mthumb -Wl,--start-group -lc -lm -Wl,--end-group
Finished building target: 20250305_struct_it4.elf
 
arm-none-eabi-size  20250305_struct_it4.elf 
arm-none-eabi-objdump -h -S 20250305_struct_it4.elf  > "20250305_struct_it4.list"
   text	   data	    bss	    dec	    hex	filename
  17756	    104	   2104	  19964	   4dfc	20250305_struct_it4.elf
Finished building: default.size.stdout
 
Finished building: 20250305_struct_it4.list
 

11:36:25 Build Finished. 0 errors, 0 warnings. (経過 834ms)

