14:28:16 **** インクリメンタル・ビルド of configuration Debug for project 20250304_rev_it2 ****
make -j16 all 
arm-none-eabi-gcc "../Core/Src/main.c" -mcpu=cortex-m4 -std=gnu11 -g3 -DDEBUG -DUSE_HAL_DRIVER -DSTM32F446xx -c -I../Core/Inc -I../Drivers/STM32F4xx_HAL_Driver/Inc -I../Drivers/STM32F4xx_HAL_Driver/Inc/Legacy -I../Drivers/CMSIS/Device/ST/STM32F4xx/Include -I../Drivers/CMSIS/Include -O0 -ffunction-sections -fdata-sections -Wall -fstack-usage -fcyclomatic-complexity -MMD -MP -MF"Core/Src/main.d" -MT"Core/Src/main.o" --specs=nano.specs -mfpu=fpv4-sp-d16 -mfloat-abi=hard -mthumb -o "Core/Src/main.o"
../Core/Src/main.c: In function 'main':
../Core/Src/main.c:99:11: warning: unused variable 'revdata' [-Wunused-variable]
   99 |   uint8_t revdata;
      |           ^~~~~~~
../Core/Src/main.c:98:7: warning: variable 'revcount' set but not used [-Wunused-but-set-variable]
   98 |   int revcount = 0;
      |       ^~~~~~~~
arm-none-eabi-gcc -o "20250304_rev_it2.elf" @"objects.list"   -mcpu=cortex-m4 -T"D:\OneDrive - 独立行政法人 国立高等専門学校機構\github\development-F446RE\20250304_rev_it2\STM32F446RETX_FLASH.ld" --specs=nosys.specs -Wl,-Map="20250304_rev_it2.map" -Wl,--gc-sections -static --specs=nano.specs -mfpu=fpv4-sp-d16 -mfloat-abi=hard -mthumb -Wl,--start-group -lc -lm -Wl,--end-group
Finished building target: 20250304_rev_it2.elf
 
arm-none-eabi-size  20250304_rev_it2.elf 
arm-none-eabi-objdump -h -S 20250304_rev_it2.elf  > "20250304_rev_it2.list"
   text	   data	    bss	    dec	    hex	filename
  16380	    104	   2056	  18540	   486c	20250304_rev_it2.elf
Finished building: default.size.stdout
 
Finished building: 20250304_rev_it2.list
 

14:28:17 Build Finished. 0 errors, 2 warnings. (経過 1s.76ms)

