14:25:46 **** インクリメンタル・ビルド of configuration Debug for project 20250217_rec_char_2 ****
make -j16 all 
arm-none-eabi-gcc "../Core/Src/main.c" -mcpu=cortex-m4 -std=gnu11 -g3 -DDEBUG -DUSE_HAL_DRIVER -DSTM32F446xx -c -I../Core/Inc -I../Drivers/STM32F4xx_HAL_Driver/Inc -I../Drivers/STM32F4xx_HAL_Driver/Inc/Legacy -I../Drivers/CMSIS/Device/ST/STM32F4xx/Include -I../Drivers/CMSIS/Include -O0 -ffunction-sections -fdata-sections -Wall -fstack-usage -fcyclomatic-complexity -MMD -MP -MF"Core/Src/main.d" -MT"Core/Src/main.o" --specs=nano.specs -mfpu=fpv4-sp-d16 -mfloat-abi=hard -mthumb -o "Core/Src/main.o"
../Core/Src/main.c: In function 'main':
../Core/Src/main.c:104:17: warning: unused variable 'getdata' [-Wunused-variable]
  104 |   unsigned char getdata;
      |                 ^~~~~~~
arm-none-eabi-gcc -o "20250217_rec_char_2.elf" @"objects.list"   -mcpu=cortex-m4 -T"D:\OneDrive - 独立行政法人 国立高等専門学校機構\github\development-F446RE\20250217_rec_char_2\STM32F446RETX_FLASH.ld" --specs=nosys.specs -Wl,-Map="20250217_rec_char_2.map" -Wl,--gc-sections -static --specs=nano.specs -mfpu=fpv4-sp-d16 -mfloat-abi=hard -mthumb -Wl,--start-group -lc -lm -Wl,--end-group
Finished building target: 20250217_rec_char_2.elf
 
arm-none-eabi-size  20250217_rec_char_2.elf 
arm-none-eabi-objdump -h -S 20250217_rec_char_2.elf  > "20250217_rec_char_2.list"
   text	   data	    bss	    dec	    hex	filename
  16760	    104	   2120	  18984	   4a28	20250217_rec_char_2.elf
Finished building: default.size.stdout
 
Finished building: 20250217_rec_char_2.list
 

14:25:47 Build Finished. 0 errors, 1 warnings. (経過 1s.240ms)

