13:48:59 **** インクリメンタル・ビルド of configuration Debug for project 20250303_pin_name_value ****
make -j16 all 
arm-none-eabi-gcc "../Core/Src/main.c" -mcpu=cortex-m4 -std=gnu11 -g3 -DDEBUG -DUSE_HAL_DRIVER -DSTM32F446xx -c -I../Core/Inc -I../Drivers/STM32F4xx_HAL_Driver/Inc -I../Drivers/STM32F4xx_HAL_Driver/Inc/Legacy -I../Drivers/CMSIS/Device/ST/STM32F4xx/Include -I../Drivers/CMSIS/Include -O0 -ffunction-sections -fdata-sections -Wall -fstack-usage -fcyclomatic-complexity -MMD -MP -MF"Core/Src/main.d" -MT"Core/Src/main.o" --specs=nano.specs -mfpu=fpv4-sp-d16 -mfloat-abi=hard -mthumb -o "Core/Src/main.o"
../Core/Src/main.c: In function 'main':
../Core/Src/main.c:122:11: warning: implicit declaration of function 'Toggle' [-Wimplicit-function-declaration]
  122 |           Toggle(Group,pin,500);
      |           ^~~~~~
../Core/Src/main.c: At top level:
../Core/Src/main.c:254:6: warning: conflicting types for 'Toggle'; have 'void(GPIO_TypeDef *, uint16_t,  unsigned int)' {aka 'void(GPIO_TypeDef *, short unsigned int,  unsigned int)'}
  254 | void Toggle(GPIO_TypeDef* Group,uint16_t Pin,unsigned int delay){
      |      ^~~~~~
../Core/Src/main.c:122:11: note: previous implicit declaration of 'Toggle' with type 'void(GPIO_TypeDef *, uint16_t,  unsigned int)' {aka 'void(GPIO_TypeDef *, short unsigned int,  unsigned int)'}
  122 |           Toggle(Group,pin,500);
      |           ^~~~~~
arm-none-eabi-gcc -o "20250303_pin_name_value.elf" @"objects.list"   -mcpu=cortex-m4 -T"D:\OneDrive - 独立行政法人 国立高等専門学校機構\github\development-F446RE\20250303_pin_name_value\STM32F446RETX_FLASH.ld" --specs=nosys.specs -Wl,-Map="20250303_pin_name_value.map" -Wl,--gc-sections -static --specs=nano.specs -mfpu=fpv4-sp-d16 -mfloat-abi=hard -mthumb -Wl,--start-group -lc -lm -Wl,--end-group
Finished building target: 20250303_pin_name_value.elf
 
arm-none-eabi-size  20250303_pin_name_value.elf 
arm-none-eabi-objdump -h -S 20250303_pin_name_value.elf  > "20250303_pin_name_value.list"
   text	   data	    bss	    dec	    hex	filename
  13612	    104	   1976	  15692	   3d4c	20250303_pin_name_value.elf
Finished building: default.size.stdout
 
Finished building: 20250303_pin_name_value.list
 

13:49:00 Build Finished. 0 errors, 2 warnings. (経過 1s.263ms)

