13:16:14 **** クリーンのみのビルド of configuration Debug for project 20250217_rec_char_1 ****
make -j16 clean 
rm -rf ./Drivers/STM32F4xx_HAL_Driver/Src/stm32f4xx_hal.cyclo ./Drivers/STM32F4xx_HAL_Driver/Src/stm32f4xx_hal.d ./Drivers/STM32F4xx_HAL_Driver/Src/stm32f4xx_hal.o ./Drivers/STM32F4xx_HAL_Driver/Src/stm32f4xx_hal.su ./Drivers/STM32F4xx_HAL_Driver/Src/stm32f4xx_hal_cortex.cyclo ./Drivers/STM32F4xx_HAL_Driver/Src/stm32f4xx_hal_cortex.d ./Drivers/STM32F4xx_HAL_Driver/Src/stm32f4xx_hal_cortex.o ./Drivers/STM32F4xx_HAL_Driver/Src/stm32f4xx_hal_cortex.su ./Drivers/STM32F4xx_HAL_Driver/Src/stm32f4xx_hal_dma.cyclo ./Drivers/STM32F4xx_HAL_Driver/Src/stm32f4xx_hal_dma.d ./Drivers/STM32F4xx_HAL_Driver/Src/stm32f4xx_hal_dma.o ./Drivers/STM32F4xx_HAL_Driver/Src/stm32f4xx_hal_dma.su ./Drivers/STM32F4xx_HAL_Driver/Src/stm32f4xx_hal_dma_ex.cyclo ./Drivers/STM32F4xx_HAL_Driver/Src/stm32f4xx_hal_dma_ex.d ./Drivers/STM32F4xx_HAL_Driver/Src/stm32f4xx_hal_dma_ex.o ./Drivers/STM32F4xx_HAL_Driver/Src/stm32f4xx_hal_dma_ex.su ./Drivers/STM32F4xx_HAL_Driver/Src/stm32f4xx_hal_exti.cyclo ./Drivers/STM32F4xx_HAL_Driver/Src/stm32f4xx_hal_exti.d ./Drivers/STM32F4xx_HAL_Driver/Src/stm32f4xx_hal_exti.o ./Drivers/STM32F4xx_HAL_Driver/Src/stm32f4xx_hal_exti.su ./Drivers/STM32F4xx_HAL_Driver/Src/stm32f4xx_hal_flash.cyclo ./Drivers/STM32F4xx_HAL_Driver/Src/stm32f4xx_hal_flash.d ./Drivers/STM32F4xx_HAL_Driver/Src/stm32f4xx_hal_flash.o ./Drivers/STM32F4xx_HAL_Driver/Src/stm32f4xx_hal_flash.su ./Drivers/STM32F4xx_HAL_Driver/Src/stm32f4xx_hal_flash_ex.cyclo ./Drivers/STM32F4xx_HAL_Driver/Src/stm32f4xx_hal_flash_ex.d ./Drivers/STM32F4xx_HAL_Driver/Src/stm32f4xx_hal_flash_ex.o ./Drivers/STM32F4xx_HAL_Driver/Src/stm32f4xx_hal_flash_ex.su ./Drivers/STM32F4xx_HAL_Driver/Src/stm32f4xx_hal_flash_ramfunc.cyclo ./Drivers/STM32F4xx_HAL_Driver/Src/stm32f4xx_hal_flash_ramfunc.d ./Drivers/STM32F4xx_HAL_Driver/Src/stm32f4xx_hal_flash_ramfunc.o ./Drivers/STM32F4xx_HAL_Driver/Src/stm32f4xx_hal_flash_ramfunc.su ./Drivers/STM32F4xx_HAL_Driver/Src/stm32f4xx_hal_gpio.cyclo ./Drivers/STM32F4xx_HAL_Driver/Src/stm32f4xx_hal_gpio.d ./Drivers/STM32F4xx_HAL_Driver/Src/stm32f4xx_hal_gpio.o ./Drivers/STM32F4xx_HAL_Driver/Src/stm32f4xx_hal_gpio.su ./Drivers/STM32F4xx_HAL_Driver/Src/stm32f4xx_hal_pwr.cyclo ./Drivers/STM32F4xx_HAL_Driver/Src/stm32f4xx_hal_pwr.d ./Drivers/STM32F4xx_HAL_Driver/Src/stm32f4xx_hal_pwr.o ./Drivers/STM32F4xx_HAL_Driver/Src/stm32f4xx_hal_pwr.su ./Drivers/STM32F4xx_HAL_Driver/Src/stm32f4xx_hal_pwr_ex.cyclo ./Drivers/STM32F4xx_HAL_Driver/Src/stm32f4xx_hal_pwr_ex.d ./Drivers/STM32F4xx_HAL_Driver/Src/stm32f4xx_hal_pwr_ex.o ./Drivers/STM32F4xx_HAL_Driver/Src/stm32f4xx_hal_pwr_ex.su ./Drivers/STM32F4xx_HAL_Driver/Src/stm32f4xx_hal_rcc.cyclo ./Drivers/STM32F4xx_HAL_Driver/Src/stm32f4xx_hal_rcc.d ./Drivers/STM32F4xx_HAL_Driver/Src/stm32f4xx_hal_rcc.o ./Drivers/STM32F4xx_HAL_Driver/Src/stm32f4xx_hal_rcc.su ./Drivers/STM32F4xx_HAL_Driver/Src/stm32f4xx_hal_rcc_ex.cyclo ./Drivers/STM32F4xx_HAL_Driver/Src/stm32f4xx_hal_rcc_ex.d ./Drivers/STM32F4xx_HAL_Driver/Src/stm32f4xx_hal_rcc_ex.o ./Drivers/STM32F4xx_HAL_Driver/Src/stm32f4xx_hal_rcc_ex.su ./Drivers/STM32F4xx_HAL_Driver/Src/stm32f4xx_hal_tim.cyclo ./Drivers/STM32F4xx_HAL_Driver/Src/stm32f4xx_hal_tim.d ./Drivers/STM32F4xx_HAL_Driver/Src/stm32f4xx_hal_tim.o ./Drivers/STM32F4xx_HAL_Driver/Src/stm32f4xx_hal_tim.su ./Drivers/STM32F4xx_HAL_Driver/Src/stm32f4xx_hal_tim_ex.cyclo ./Drivers/STM32F4xx_HAL_Driver/Src/stm32f4xx_hal_tim_ex.d ./Drivers/STM32F4xx_HAL_Driver/Src/stm32f4xx_hal_tim_ex.o ./Drivers/STM32F4xx_HAL_Driver/Src/stm32f4xx_hal_tim_ex.su ./Drivers/STM32F4xx_HAL_Driver/Src/stm32f4xx_hal_uart.cyclo ./Drivers/STM32F4xx_HAL_Driver/Src/stm32f4xx_hal_uart.d ./Drivers/STM32F4xx_HAL_Driver/Src/stm32f4xx_hal_uart.o ./Drivers/STM32F4xx_HAL_Driver/Src/stm32f4xx_hal_uart.su
rm -rf ./Core/Startup/startup_stm32f446retx.d ./Core/Startup/startup_stm32f446retx.o
rm -rf ./Core/Src/main.cyclo ./Core/Src/main.d ./Core/Src/main.o ./Core/Src/main.su ./Core/Src/stm32f4xx_hal_msp.cyclo ./Core/Src/stm32f4xx_hal_msp.d ./Core/Src/stm32f4xx_hal_msp.o ./Core/Src/stm32f4xx_hal_msp.su ./Core/Src/stm32f4xx_it.cyclo ./Core/Src/stm32f4xx_it.d ./Core/Src/stm32f4xx_it.o ./Core/Src/stm32f4xx_it.su ./Core/Src/syscalls.cyclo ./Core/Src/syscalls.d ./Core/Src/syscalls.o ./Core/Src/syscalls.su ./Core/Src/sysmem.cyclo ./Core/Src/sysmem.d ./Core/Src/sysmem.o ./Core/Src/sysmem.su ./Core/Src/system_stm32f4xx.cyclo ./Core/Src/system_stm32f4xx.d ./Core/Src/system_stm32f4xx.o ./Core/Src/system_stm32f4xx.su
rm -rf 20250217_rec_char_1.elf 20250217_rec_char_1.list 20250217_rec_char_1.map default.size.stdout
 
13:16:15 **** ビルド of configuration Debug for project 20250217_rec_char_1 ****
make -j16 all 
arm-none-eabi-gcc "../Drivers/STM32F4xx_HAL_Driver/Src/stm32f4xx_hal.c" -mcpu=cortex-m4 -std=gnu11 -g3 -DDEBUG -DUSE_HAL_DRIVER -DSTM32F446xx -c -I../Core/Inc -I../Drivers/STM32F4xx_HAL_Driver/Inc -I../Drivers/STM32F4xx_HAL_Driver/Inc/Legacy -I../Drivers/CMSIS/Device/ST/STM32F4xx/Include -I../Drivers/CMSIS/Include -O0 -ffunction-sections -fdata-sections -Wall -fstack-usage -fcyclomatic-complexity -MMD -MP -MF"Drivers/STM32F4xx_HAL_Driver/Src/stm32f4xx_hal.d" -MT"Drivers/STM32F4xx_HAL_Driver/Src/stm32f4xx_hal.o" --specs=nano.specs -mfpu=fpv4-sp-d16 -mfloat-abi=hard -mthumb -o "Drivers/STM32F4xx_HAL_Driver/Src/stm32f4xx_hal.o"
arm-none-eabi-gcc "../Drivers/STM32F4xx_HAL_Driver/Src/stm32f4xx_hal_cortex.c" -mcpu=cortex-m4 -std=gnu11 -g3 -DDEBUG -DUSE_HAL_DRIVER -DSTM32F446xx -c -I../Core/Inc -I../Drivers/STM32F4xx_HAL_Driver/Inc -I../Drivers/STM32F4xx_HAL_Driver/Inc/Legacy -I../Drivers/CMSIS/Device/ST/STM32F4xx/Include -I../Drivers/CMSIS/Include -O0 -ffunction-sections -fdata-sections -Wall -fstack-usage -fcyclomatic-complexity -MMD -MP -MF"Drivers/STM32F4xx_HAL_Driver/Src/stm32f4xx_hal_cortex.d" -MT"Drivers/STM32F4xx_HAL_Driver/Src/stm32f4xx_hal_cortex.o" --specs=nano.specs -mfpu=fpv4-sp-d16 -mfloat-abi=hard -mthumb -o "Drivers/STM32F4xx_HAL_Driver/Src/stm32f4xx_hal_cortex.o"
arm-none-eabi-gcc "../Drivers/STM32F4xx_HAL_Driver/Src/stm32f4xx_hal_dma.c" -mcpu=cortex-m4 -std=gnu11 -g3 -DDEBUG -DUSE_HAL_DRIVER -DSTM32F446xx -c -I../Core/Inc -I../Drivers/STM32F4xx_HAL_Driver/Inc -I../Drivers/STM32F4xx_HAL_Driver/Inc/Legacy -I../Drivers/CMSIS/Device/ST/STM32F4xx/Include -I../Drivers/CMSIS/Include -O0 -ffunction-sections -fdata-sections -Wall -fstack-usage -fcyclomatic-complexity -MMD -MP -MF"Drivers/STM32F4xx_HAL_Driver/Src/stm32f4xx_hal_dma.d" -MT"Drivers/STM32F4xx_HAL_Driver/Src/stm32f4xx_hal_dma.o" --specs=nano.specs -mfpu=fpv4-sp-d16 -mfloat-abi=hard -mthumb -o "Drivers/STM32F4xx_HAL_Driver/Src/stm32f4xx_hal_dma.o"
arm-none-eabi-gcc "../Drivers/STM32F4xx_HAL_Driver/Src/stm32f4xx_hal_dma_ex.c" -mcpu=cortex-m4 -std=gnu11 -g3 -DDEBUG -DUSE_HAL_DRIVER -DSTM32F446xx -c -I../Core/Inc -I../Drivers/STM32F4xx_HAL_Driver/Inc -I../Drivers/STM32F4xx_HAL_Driver/Inc/Legacy -I../Drivers/CMSIS/Device/ST/STM32F4xx/Include -I../Drivers/CMSIS/Include -O0 -ffunction-sections -fdata-sections -Wall -fstack-usage -fcyclomatic-complexity -MMD -MP -MF"Drivers/STM32F4xx_HAL_Driver/Src/stm32f4xx_hal_dma_ex.d" -MT"Drivers/STM32F4xx_HAL_Driver/Src/stm32f4xx_hal_dma_ex.o" --specs=nano.specs -mfpu=fpv4-sp-d16 -mfloat-abi=hard -mthumb -o "Drivers/STM32F4xx_HAL_Driver/Src/stm32f4xx_hal_dma_ex.o"
arm-none-eabi-gcc "../Drivers/STM32F4xx_HAL_Driver/Src/stm32f4xx_hal_exti.c" -mcpu=cortex-m4 -std=gnu11 -g3 -DDEBUG -DUSE_HAL_DRIVER -DSTM32F446xx -c -I../Core/Inc -I../Drivers/STM32F4xx_HAL_Driver/Inc -I../Drivers/STM32F4xx_HAL_Driver/Inc/Legacy -I../Drivers/CMSIS/Device/ST/STM32F4xx/Include -I../Drivers/CMSIS/Include -O0 -ffunction-sections -fdata-sections -Wall -fstack-usage -fcyclomatic-complexity -MMD -MP -MF"Drivers/STM32F4xx_HAL_Driver/Src/stm32f4xx_hal_exti.d" -MT"Drivers/STM32F4xx_HAL_Driver/Src/stm32f4xx_hal_exti.o" --specs=nano.specs -mfpu=fpv4-sp-d16 -mfloat-abi=hard -mthumb -o "Drivers/STM32F4xx_HAL_Driver/Src/stm32f4xx_hal_exti.o"
arm-none-eabi-gcc "../Drivers/STM32F4xx_HAL_Driver/Src/stm32f4xx_hal_flash.c" -mcpu=cortex-m4 -std=gnu11 -g3 -DDEBUG -DUSE_HAL_DRIVER -DSTM32F446xx -c -I../Core/Inc -I../Drivers/STM32F4xx_HAL_Driver/Inc -I../Drivers/STM32F4xx_HAL_Driver/Inc/Legacy -I../Drivers/CMSIS/Device/ST/STM32F4xx/Include -I../Drivers/CMSIS/Include -O0 -ffunction-sections -fdata-sections -Wall -fstack-usage -fcyclomatic-complexity -MMD -MP -MF"Drivers/STM32F4xx_HAL_Driver/Src/stm32f4xx_hal_flash.d" -MT"Drivers/STM32F4xx_HAL_Driver/Src/stm32f4xx_hal_flash.o" --specs=nano.specs -mfpu=fpv4-sp-d16 -mfloat-abi=hard -mthumb -o "Drivers/STM32F4xx_HAL_Driver/Src/stm32f4xx_hal_flash.o"
arm-none-eabi-gcc "../Drivers/STM32F4xx_HAL_Driver/Src/stm32f4xx_hal_flash_ex.c" -mcpu=cortex-m4 -std=gnu11 -g3 -DDEBUG -DUSE_HAL_DRIVER -DSTM32F446xx -c -I../Core/Inc -I../Drivers/STM32F4xx_HAL_Driver/Inc -I../Drivers/STM32F4xx_HAL_Driver/Inc/Legacy -I../Drivers/CMSIS/Device/ST/STM32F4xx/Include -I../Drivers/CMSIS/Include -O0 -ffunction-sections -fdata-sections -Wall -fstack-usage -fcyclomatic-complexity -MMD -MP -MF"Drivers/STM32F4xx_HAL_Driver/Src/stm32f4xx_hal_flash_ex.d" -MT"Drivers/STM32F4xx_HAL_Driver/Src/stm32f4xx_hal_flash_ex.o" --specs=nano.specs -mfpu=fpv4-sp-d16 -mfloat-abi=hard -mthumb -o "Drivers/STM32F4xx_HAL_Driver/Src/stm32f4xx_hal_flash_ex.o"
arm-none-eabi-gcc "../Drivers/STM32F4xx_HAL_Driver/Src/stm32f4xx_hal_flash_ramfunc.c" -mcpu=cortex-m4 -std=gnu11 -g3 -DDEBUG -DUSE_HAL_DRIVER -DSTM32F446xx -c -I../Core/Inc -I../Drivers/STM32F4xx_HAL_Driver/Inc -I../Drivers/STM32F4xx_HAL_Driver/Inc/Legacy -I../Drivers/CMSIS/Device/ST/STM32F4xx/Include -I../Drivers/CMSIS/Include -O0 -ffunction-sections -fdata-sections -Wall -fstack-usage -fcyclomatic-complexity -MMD -MP -MF"Drivers/STM32F4xx_HAL_Driver/Src/stm32f4xx_hal_flash_ramfunc.d" -MT"Drivers/STM32F4xx_HAL_Driver/Src/stm32f4xx_hal_flash_ramfunc.o" --specs=nano.specs -mfpu=fpv4-sp-d16 -mfloat-abi=hard -mthumb -o "Drivers/STM32F4xx_HAL_Driver/Src/stm32f4xx_hal_flash_ramfunc.o"
arm-none-eabi-gcc "../Drivers/STM32F4xx_HAL_Driver/Src/stm32f4xx_hal_gpio.c" -mcpu=cortex-m4 -std=gnu11 -g3 -DDEBUG -DUSE_HAL_DRIVER -DSTM32F446xx -c -I../Core/Inc -I../Drivers/STM32F4xx_HAL_Driver/Inc -I../Drivers/STM32F4xx_HAL_Driver/Inc/Legacy -I../Drivers/CMSIS/Device/ST/STM32F4xx/Include -I../Drivers/CMSIS/Include -O0 -ffunction-sections -fdata-sections -Wall -fstack-usage -fcyclomatic-complexity -MMD -MP -MF"Drivers/STM32F4xx_HAL_Driver/Src/stm32f4xx_hal_gpio.d" -MT"Drivers/STM32F4xx_HAL_Driver/Src/stm32f4xx_hal_gpio.o" --specs=nano.specs -mfpu=fpv4-sp-d16 -mfloat-abi=hard -mthumb -o "Drivers/STM32F4xx_HAL_Driver/Src/stm32f4xx_hal_gpio.o"
arm-none-eabi-gcc "../Drivers/STM32F4xx_HAL_Driver/Src/stm32f4xx_hal_pwr.c" -mcpu=cortex-m4 -std=gnu11 -g3 -DDEBUG -DUSE_HAL_DRIVER -DSTM32F446xx -c -I../Core/Inc -I../Drivers/STM32F4xx_HAL_Driver/Inc -I../Drivers/STM32F4xx_HAL_Driver/Inc/Legacy -I../Drivers/CMSIS/Device/ST/STM32F4xx/Include -I../Drivers/CMSIS/Include -O0 -ffunction-sections -fdata-sections -Wall -fstack-usage -fcyclomatic-complexity -MMD -MP -MF"Drivers/STM32F4xx_HAL_Driver/Src/stm32f4xx_hal_pwr.d" -MT"Drivers/STM32F4xx_HAL_Driver/Src/stm32f4xx_hal_pwr.o" --specs=nano.specs -mfpu=fpv4-sp-d16 -mfloat-abi=hard -mthumb -o "Drivers/STM32F4xx_HAL_Driver/Src/stm32f4xx_hal_pwr.o"
arm-none-eabi-gcc "../Drivers/STM32F4xx_HAL_Driver/Src/stm32f4xx_hal_pwr_ex.c" -mcpu=cortex-m4 -std=gnu11 -g3 -DDEBUG -DUSE_HAL_DRIVER -DSTM32F446xx -c -I../Core/Inc -I../Drivers/STM32F4xx_HAL_Driver/Inc -I../Drivers/STM32F4xx_HAL_Driver/Inc/Legacy -I../Drivers/CMSIS/Device/ST/STM32F4xx/Include -I../Drivers/CMSIS/Include -O0 -ffunction-sections -fdata-sections -Wall -fstack-usage -fcyclomatic-complexity -MMD -MP -MF"Drivers/STM32F4xx_HAL_Driver/Src/stm32f4xx_hal_pwr_ex.d" -MT"Drivers/STM32F4xx_HAL_Driver/Src/stm32f4xx_hal_pwr_ex.o" --specs=nano.specs -mfpu=fpv4-sp-d16 -mfloat-abi=hard -mthumb -o "Drivers/STM32F4xx_HAL_Driver/Src/stm32f4xx_hal_pwr_ex.o"
arm-none-eabi-gcc "../Drivers/STM32F4xx_HAL_Driver/Src/stm32f4xx_hal_rcc.c" -mcpu=cortex-m4 -std=gnu11 -g3 -DDEBUG -DUSE_HAL_DRIVER -DSTM32F446xx -c -I../Core/Inc -I../Drivers/STM32F4xx_HAL_Driver/Inc -I../Drivers/STM32F4xx_HAL_Driver/Inc/Legacy -I../Drivers/CMSIS/Device/ST/STM32F4xx/Include -I../Drivers/CMSIS/Include -O0 -ffunction-sections -fdata-sections -Wall -fstack-usage -fcyclomatic-complexity -MMD -MP -MF"Drivers/STM32F4xx_HAL_Driver/Src/stm32f4xx_hal_rcc.d" -MT"Drivers/STM32F4xx_HAL_Driver/Src/stm32f4xx_hal_rcc.o" --specs=nano.specs -mfpu=fpv4-sp-d16 -mfloat-abi=hard -mthumb -o "Drivers/STM32F4xx_HAL_Driver/Src/stm32f4xx_hal_rcc.o"
arm-none-eabi-gcc "../Drivers/STM32F4xx_HAL_Driver/Src/stm32f4xx_hal_rcc_ex.c" -mcpu=cortex-m4 -std=gnu11 -g3 -DDEBUG -DUSE_HAL_DRIVER -DSTM32F446xx -c -I../Core/Inc -I../Drivers/STM32F4xx_HAL_Driver/Inc -I../Drivers/STM32F4xx_HAL_Driver/Inc/Legacy -I../Drivers/CMSIS/Device/ST/STM32F4xx/Include -I../Drivers/CMSIS/Include -O0 -ffunction-sections -fdata-sections -Wall -fstack-usage -fcyclomatic-complexity -MMD -MP -MF"Drivers/STM32F4xx_HAL_Driver/Src/stm32f4xx_hal_rcc_ex.d" -MT"Drivers/STM32F4xx_HAL_Driver/Src/stm32f4xx_hal_rcc_ex.o" --specs=nano.specs -mfpu=fpv4-sp-d16 -mfloat-abi=hard -mthumb -o "Drivers/STM32F4xx_HAL_Driver/Src/stm32f4xx_hal_rcc_ex.o"
arm-none-eabi-gcc "../Drivers/STM32F4xx_HAL_Driver/Src/stm32f4xx_hal_tim.c" -mcpu=cortex-m4 -std=gnu11 -g3 -DDEBUG -DUSE_HAL_DRIVER -DSTM32F446xx -c -I../Core/Inc -I../Drivers/STM32F4xx_HAL_Driver/Inc -I../Drivers/STM32F4xx_HAL_Driver/Inc/Legacy -I../Drivers/CMSIS/Device/ST/STM32F4xx/Include -I../Drivers/CMSIS/Include -O0 -ffunction-sections -fdata-sections -Wall -fstack-usage -fcyclomatic-complexity -MMD -MP -MF"Drivers/STM32F4xx_HAL_Driver/Src/stm32f4xx_hal_tim.d" -MT"Drivers/STM32F4xx_HAL_Driver/Src/stm32f4xx_hal_tim.o" --specs=nano.specs -mfpu=fpv4-sp-d16 -mfloat-abi=hard -mthumb -o "Drivers/STM32F4xx_HAL_Driver/Src/stm32f4xx_hal_tim.o"
arm-none-eabi-gcc "../Drivers/STM32F4xx_HAL_Driver/Src/stm32f4xx_hal_tim_ex.c" -mcpu=cortex-m4 -std=gnu11 -g3 -DDEBUG -DUSE_HAL_DRIVER -DSTM32F446xx -c -I../Core/Inc -I../Drivers/STM32F4xx_HAL_Driver/Inc -I../Drivers/STM32F4xx_HAL_Driver/Inc/Legacy -I../Drivers/CMSIS/Device/ST/STM32F4xx/Include -I../Drivers/CMSIS/Include -O0 -ffunction-sections -fdata-sections -Wall -fstack-usage -fcyclomatic-complexity -MMD -MP -MF"Drivers/STM32F4xx_HAL_Driver/Src/stm32f4xx_hal_tim_ex.d" -MT"Drivers/STM32F4xx_HAL_Driver/Src/stm32f4xx_hal_tim_ex.o" --specs=nano.specs -mfpu=fpv4-sp-d16 -mfloat-abi=hard -mthumb -o "Drivers/STM32F4xx_HAL_Driver/Src/stm32f4xx_hal_tim_ex.o"
arm-none-eabi-gcc "../Drivers/STM32F4xx_HAL_Driver/Src/stm32f4xx_hal_uart.c" -mcpu=cortex-m4 -std=gnu11 -g3 -DDEBUG -DUSE_HAL_DRIVER -DSTM32F446xx -c -I../Core/Inc -I../Drivers/STM32F4xx_HAL_Driver/Inc -I../Drivers/STM32F4xx_HAL_Driver/Inc/Legacy -I../Drivers/CMSIS/Device/ST/STM32F4xx/Include -I../Drivers/CMSIS/Include -O0 -ffunction-sections -fdata-sections -Wall -fstack-usage -fcyclomatic-complexity -MMD -MP -MF"Drivers/STM32F4xx_HAL_Driver/Src/stm32f4xx_hal_uart.d" -MT"Drivers/STM32F4xx_HAL_Driver/Src/stm32f4xx_hal_uart.o" --specs=nano.specs -mfpu=fpv4-sp-d16 -mfloat-abi=hard -mthumb -o "Drivers/STM32F4xx_HAL_Driver/Src/stm32f4xx_hal_uart.o"
arm-none-eabi-gcc -mcpu=cortex-m4 -g3 -DDEBUG -c -x assembler-with-cpp -MMD -MP -MF"Core/Startup/startup_stm32f446retx.d" -MT"Core/Startup/startup_stm32f446retx.o" --specs=nano.specs -mfpu=fpv4-sp-d16 -mfloat-abi=hard -mthumb -o "Core/Startup/startup_stm32f446retx.o" "../Core/Startup/startup_stm32f446retx.s"
arm-none-eabi-gcc "../Core/Src/main.c" -mcpu=cortex-m4 -std=gnu11 -g3 -DDEBUG -DUSE_HAL_DRIVER -DSTM32F446xx -c -I../Core/Inc -I../Drivers/STM32F4xx_HAL_Driver/Inc -I../Drivers/STM32F4xx_HAL_Driver/Inc/Legacy -I../Drivers/CMSIS/Device/ST/STM32F4xx/Include -I../Drivers/CMSIS/Include -O0 -ffunction-sections -fdata-sections -Wall -fstack-usage -fcyclomatic-complexity -MMD -MP -MF"Core/Src/main.d" -MT"Core/Src/main.o" --specs=nano.specs -mfpu=fpv4-sp-d16 -mfloat-abi=hard -mthumb -o "Core/Src/main.o"
arm-none-eabi-gcc "../Core/Src/stm32f4xx_hal_msp.c" -mcpu=cortex-m4 -std=gnu11 -g3 -DDEBUG -DUSE_HAL_DRIVER -DSTM32F446xx -c -I../Core/Inc -I../Drivers/STM32F4xx_HAL_Driver/Inc -I../Drivers/STM32F4xx_HAL_Driver/Inc/Legacy -I../Drivers/CMSIS/Device/ST/STM32F4xx/Include -I../Drivers/CMSIS/Include -O0 -ffunction-sections -fdata-sections -Wall -fstack-usage -fcyclomatic-complexity -MMD -MP -MF"Core/Src/stm32f4xx_hal_msp.d" -MT"Core/Src/stm32f4xx_hal_msp.o" --specs=nano.specs -mfpu=fpv4-sp-d16 -mfloat-abi=hard -mthumb -o "Core/Src/stm32f4xx_hal_msp.o"
arm-none-eabi-gcc "../Core/Src/stm32f4xx_it.c" -mcpu=cortex-m4 -std=gnu11 -g3 -DDEBUG -DUSE_HAL_DRIVER -DSTM32F446xx -c -I../Core/Inc -I../Drivers/STM32F4xx_HAL_Driver/Inc -I../Drivers/STM32F4xx_HAL_Driver/Inc/Legacy -I../Drivers/CMSIS/Device/ST/STM32F4xx/Include -I../Drivers/CMSIS/Include -O0 -ffunction-sections -fdata-sections -Wall -fstack-usage -fcyclomatic-complexity -MMD -MP -MF"Core/Src/stm32f4xx_it.d" -MT"Core/Src/stm32f4xx_it.o" --specs=nano.specs -mfpu=fpv4-sp-d16 -mfloat-abi=hard -mthumb -o "Core/Src/stm32f4xx_it.o"
arm-none-eabi-gcc "../Core/Src/syscalls.c" -mcpu=cortex-m4 -std=gnu11 -g3 -DDEBUG -DUSE_HAL_DRIVER -DSTM32F446xx -c -I../Core/Inc -I../Drivers/STM32F4xx_HAL_Driver/Inc -I../Drivers/STM32F4xx_HAL_Driver/Inc/Legacy -I../Drivers/CMSIS/Device/ST/STM32F4xx/Include -I../Drivers/CMSIS/Include -O0 -ffunction-sections -fdata-sections -Wall -fstack-usage -fcyclomatic-complexity -MMD -MP -MF"Core/Src/syscalls.d" -MT"Core/Src/syscalls.o" --specs=nano.specs -mfpu=fpv4-sp-d16 -mfloat-abi=hard -mthumb -o "Core/Src/syscalls.o"
arm-none-eabi-gcc "../Core/Src/sysmem.c" -mcpu=cortex-m4 -std=gnu11 -g3 -DDEBUG -DUSE_HAL_DRIVER -DSTM32F446xx -c -I../Core/Inc -I../Drivers/STM32F4xx_HAL_Driver/Inc -I../Drivers/STM32F4xx_HAL_Driver/Inc/Legacy -I../Drivers/CMSIS/Device/ST/STM32F4xx/Include -I../Drivers/CMSIS/Include -O0 -ffunction-sections -fdata-sections -Wall -fstack-usage -fcyclomatic-complexity -MMD -MP -MF"Core/Src/sysmem.d" -MT"Core/Src/sysmem.o" --specs=nano.specs -mfpu=fpv4-sp-d16 -mfloat-abi=hard -mthumb -o "Core/Src/sysmem.o"
arm-none-eabi-gcc "../Core/Src/system_stm32f4xx.c" -mcpu=cortex-m4 -std=gnu11 -g3 -DDEBUG -DUSE_HAL_DRIVER -DSTM32F446xx -c -I../Core/Inc -I../Drivers/STM32F4xx_HAL_Driver/Inc -I../Drivers/STM32F4xx_HAL_Driver/Inc/Legacy -I../Drivers/CMSIS/Device/ST/STM32F4xx/Include -I../Drivers/CMSIS/Include -O0 -ffunction-sections -fdata-sections -Wall -fstack-usage -fcyclomatic-complexity -MMD -MP -MF"Core/Src/system_stm32f4xx.d" -MT"Core/Src/system_stm32f4xx.o" --specs=nano.specs -mfpu=fpv4-sp-d16 -mfloat-abi=hard -mthumb -o "Core/Src/system_stm32f4xx.o"
../Core/Src/main.c: In function 'main':
../Core/Src/main.c:115:40: warning: pointer targets in passing argument 2 of 'HAL_UART_Receive' differ in signedness [-Wpointer-sign]
  115 |           if(HAL_UART_Receive(&huart1, &revdata, 1, 10) == HAL_OK){
      |                                        ^~~~~~~~
      |                                        |
      |                                        char *
In file included from ../Core/Inc/stm32f4xx_hal_conf.h:411,
                 from ../Drivers/STM32F4xx_HAL_Driver/Inc/stm32f4xx_hal.h:29,
                 from ../Core/Inc/main.h:30,
                 from ../Core/Src/main.c:20:
../Drivers/STM32F4xx_HAL_Driver/Inc/stm32f4xx_hal_uart.h:746:72: note: expected 'uint8_t *' {aka 'unsigned char *'} but argument is of type 'char *'
  746 | HAL_StatusTypeDef HAL_UART_Receive(UART_HandleTypeDef *huart, uint8_t *pData, uint16_t Size, uint32_t Timeout);
      |                                                               ~~~~~~~~~^~~~~
../Core/Src/main.c:103:7: warning: unused variable 'recdata' [-Wunused-variable]
  103 |   int recdata;
      |       ^~~~~~~
arm-none-eabi-gcc -o "20250217_rec_char_1.elf" @"objects.list"   -mcpu=cortex-m4 -T"D:\OneDrive - 独立行政法人 国立高等専門学校機構\github\development-F446RE\20250217_rec_char_1\STM32F446RETX_FLASH.ld" --specs=nosys.specs -Wl,-Map="20250217_rec_char_1.map" -Wl,--gc-sections -static --specs=nano.specs -mfpu=fpv4-sp-d16 -mfloat-abi=hard -mthumb -Wl,--start-group -lc -lm -Wl,--end-group
Finished building target: 20250217_rec_char_1.elf
 
arm-none-eabi-size  20250217_rec_char_1.elf 
arm-none-eabi-objdump -h -S 20250217_rec_char_1.elf  > "20250217_rec_char_1.list"
   text	   data	    bss	    dec	    hex	filename
  16808	    104	   2120	  19032	   4a58	20250217_rec_char_1.elf
Finished building: default.size.stdout
 
Finished building: 20250217_rec_char_1.list
 
13:17:32 **** インクリメンタル・ビルド of configuration Debug for project 20250217_rec_char_1 ****
make -j16 all 
arm-none-eabi-size  20250217_rec_char_1.elf 
   text	   data	    bss	    dec	    hex	filename
  16808	    104	   2120	  19032	   4a58	20250217_rec_char_1.elf
Finished building: default.size.stdout
 
13:18:44 **** インクリメンタル・ビルド of configuration Debug for project 20250217_rec_char_1 ****
make -j16 all 
arm-none-eabi-size  20250217_rec_char_1.elf 
   text	   data	    bss	    dec	    hex	filename
  16808	    104	   2120	  19032	   4a58	20250217_rec_char_1.elf
Finished building: default.size.stdout
 
13:19:03 **** インクリメンタル・ビルド of configuration Debug for project 20250217_rec_char_1 ****
make -j16 all 
arm-none-eabi-size  20250217_rec_char_1.elf 
   text	   data	    bss	    dec	    hex	filename
  16808	    104	   2120	  19032	   4a58	20250217_rec_char_1.elf
Finished building: default.size.stdout
 
13:28:18 **** ビルド of configuration Debug for project 20250217_rec_char_1 ****
make -j16 all 
arm-none-eabi-size  20250217_rec_char_1.elf 
   text	   data	    bss	    dec	    hex	filename
  16808	    104	   2120	  19032	   4a58	20250217_rec_char_1.elf
Finished building: default.size.stdout
 
13:32:39 **** ビルド of configuration Debug for project 20250217_rec_char_2 ****
make -j16 all 
arm-none-eabi-gcc -o "20250217_rec_char_2.elf" @"objects.list"   -mcpu=cortex-m4 -T"D:\OneDrive - 独立行政法人 国立高等専門学校機構\github\development-F446RE\20250217_rec_char_2\STM32F446RETX_FLASH.ld" --specs=nosys.specs -Wl,-Map="20250217_rec_char_2.map" -Wl,--gc-sections -static --specs=nano.specs -mfpu=fpv4-sp-d16 -mfloat-abi=hard -mthumb -Wl,--start-group -lc -lm -Wl,--end-group
Finished building target: 20250217_rec_char_2.elf
 
arm-none-eabi-size  20250217_rec_char_2.elf 
arm-none-eabi-objdump -h -S 20250217_rec_char_2.elf  > "20250217_rec_char_2.list"
   text	   data	    bss	    dec	    hex	filename
  16908	    104	   2120	  19132	   4abc	20250217_rec_char_2.elf
Finished building: default.size.stdout
 
Finished building: 20250217_rec_char_2.list
 
13:44:34 **** インクリメンタル・ビルド of configuration Debug for project 20250217_rec_char_2 ****
make -j16 all 
arm-none-eabi-gcc "../Core/Src/main.c" -mcpu=cortex-m4 -std=gnu11 -g3 -DDEBUG -DUSE_HAL_DRIVER -DSTM32F446xx -c -I../Core/Inc -I../Drivers/STM32F4xx_HAL_Driver/Inc -I../Drivers/STM32F4xx_HAL_Driver/Inc/Legacy -I../Drivers/CMSIS/Device/ST/STM32F4xx/Include -I../Drivers/CMSIS/Include -O0 -ffunction-sections -fdata-sections -Wall -fstack-usage -fcyclomatic-complexity -MMD -MP -MF"Core/Src/main.d" -MT"Core/Src/main.o" --specs=nano.specs -mfpu=fpv4-sp-d16 -mfloat-abi=hard -mthumb -o "Core/Src/main.o"
../Core/Src/main.c: In function 'main':
../Core/Src/main.c:123:19: warning: 'getdata' is used uninitialized [-Wuninitialized]
  123 |                   printf("%02x %02x %02x %d %d\r\n",revdata[0],revdata[1],getdata,revi,revdata[1] - revdata[0]);
      |                   ^~~~~~~~~~~~~~~~~~~~~~~~~~~~~~~~~~~~~~~~~~~~~~~~~~~~~~~~~~~~~~~~~~~~~~~~~~~~~~~~~~~~~~~~~~~~~
../Core/Src/main.c:104:17: note: 'getdata' was declared here
  104 |   unsigned char getdata;
      |                 ^~~~~~~
arm-none-eabi-gcc -o "20250217_rec_char_2.elf" @"objects.list"   -mcpu=cortex-m4 -T"D:\OneDrive - 独立行政法人 国立高等専門学校機構\github\development-F446RE\20250217_rec_char_2\STM32F446RETX_FLASH.ld" --specs=nosys.specs -Wl,-Map="20250217_rec_char_2.map" -Wl,--gc-sections -static --specs=nano.specs -mfpu=fpv4-sp-d16 -mfloat-abi=hard -mthumb -Wl,--start-group -lc -lm -Wl,--end-group
Finished building target: 20250217_rec_char_2.elf
 
arm-none-eabi-size  20250217_rec_char_2.elf 
arm-none-eabi-objdump -h -S 20250217_rec_char_2.elf  > "20250217_rec_char_2.list"
   text	   data	    bss	    dec	    hex	filename
  16908	    104	   2120	  19132	   4abc	20250217_rec_char_2.elf
Finished building: default.size.stdout
 
Finished building: 20250217_rec_char_2.list
 
13:46:04 **** インクリメンタル・ビルド of configuration Debug for project 20250217_rec_char_2 ****
make -j16 all 
arm-none-eabi-gcc "../Core/Src/main.c" -mcpu=cortex-m4 -std=gnu11 -g3 -DDEBUG -DUSE_HAL_DRIVER -DSTM32F446xx -c -I../Core/Inc -I../Drivers/STM32F4xx_HAL_Driver/Inc -I../Drivers/STM32F4xx_HAL_Driver/Inc/Legacy -I../Drivers/CMSIS/Device/ST/STM32F4xx/Include -I../Drivers/CMSIS/Include -O0 -ffunction-sections -fdata-sections -Wall -fstack-usage -fcyclomatic-complexity -MMD -MP -MF"Core/Src/main.d" -MT"Core/Src/main.o" --specs=nano.specs -mfpu=fpv4-sp-d16 -mfloat-abi=hard -mthumb -o "Core/Src/main.o"
../Core/Src/main.c: In function 'main':
../Core/Src/main.c:104:17: warning: unused variable 'getdata' [-Wunused-variable]
  104 |   unsigned char getdata;
      |                 ^~~~~~~
arm-none-eabi-gcc -o "20250217_rec_char_2.elf" @"objects.list"   -mcpu=cortex-m4 -T"D:\OneDrive - 独立行政法人 国立高等専門学校機構\github\development-F446RE\20250217_rec_char_2\STM32F446RETX_FLASH.ld" --specs=nosys.specs -Wl,-Map="20250217_rec_char_2.map" -Wl,--gc-sections -static --specs=nano.specs -mfpu=fpv4-sp-d16 -mfloat-abi=hard -mthumb -Wl,--start-group -lc -lm -Wl,--end-group
Finished building target: 20250217_rec_char_2.elf
 
arm-none-eabi-size  20250217_rec_char_2.elf 
arm-none-eabi-objdump -h -S 20250217_rec_char_2.elf  > "20250217_rec_char_2.list"
   text	   data	    bss	    dec	    hex	filename
  16896	    104	   2120	  19120	   4ab0	20250217_rec_char_2.elf
Finished building: default.size.stdout
 
Finished building: 20250217_rec_char_2.list
 
13:55:51 **** インクリメンタル・ビルド of configuration Debug for project 20250217_rec_char_2 ****
make -j16 all 
arm-none-eabi-gcc "../Core/Src/main.c" -mcpu=cortex-m4 -std=gnu11 -g3 -DDEBUG -DUSE_HAL_DRIVER -DSTM32F446xx -c -I../Core/Inc -I../Drivers/STM32F4xx_HAL_Driver/Inc -I../Drivers/STM32F4xx_HAL_Driver/Inc/Legacy -I../Drivers/CMSIS/Device/ST/STM32F4xx/Include -I../Drivers/CMSIS/Include -O0 -ffunction-sections -fdata-sections -Wall -fstack-usage -fcyclomatic-complexity -MMD -MP -MF"Core/Src/main.d" -MT"Core/Src/main.o" --specs=nano.specs -mfpu=fpv4-sp-d16 -mfloat-abi=hard -mthumb -o "Core/Src/main.o"
../Core/Src/main.c: In function 'main':
../Core/Src/main.c:104:17: warning: unused variable 'getdata' [-Wunused-variable]
  104 |   unsigned char getdata;
      |                 ^~~~~~~
arm-none-eabi-gcc -o "20250217_rec_char_2.elf" @"objects.list"   -mcpu=cortex-m4 -T"D:\OneDrive - 独立行政法人 国立高等専門学校機構\github\development-F446RE\20250217_rec_char_2\STM32F446RETX_FLASH.ld" --specs=nosys.specs -Wl,-Map="20250217_rec_char_2.map" -Wl,--gc-sections -static --specs=nano.specs -mfpu=fpv4-sp-d16 -mfloat-abi=hard -mthumb -Wl,--start-group -lc -lm -Wl,--end-group
Finished building target: 20250217_rec_char_2.elf
 
arm-none-eabi-size  20250217_rec_char_2.elf 
arm-none-eabi-objdump -h -S 20250217_rec_char_2.elf  > "20250217_rec_char_2.list"
   text	   data	    bss	    dec	    hex	filename
  16904	    104	   2120	  19128	   4ab8	20250217_rec_char_2.elf
Finished building: default.size.stdout
 
Finished building: 20250217_rec_char_2.list
 
14:03:50 **** インクリメンタル・ビルド of configuration Debug for project 20250217_rec_char_2 ****
make -j16 all 
arm-none-eabi-gcc "../Core/Src/main.c" -mcpu=cortex-m4 -std=gnu11 -g3 -DDEBUG -DUSE_HAL_DRIVER -DSTM32F446xx -c -I../Core/Inc -I../Drivers/STM32F4xx_HAL_Driver/Inc -I../Drivers/STM32F4xx_HAL_Driver/Inc/Legacy -I../Drivers/CMSIS/Device/ST/STM32F4xx/Include -I../Drivers/CMSIS/Include -O0 -ffunction-sections -fdata-sections -Wall -fstack-usage -fcyclomatic-complexity -MMD -MP -MF"Core/Src/main.d" -MT"Core/Src/main.o" --specs=nano.specs -mfpu=fpv4-sp-d16 -mfloat-abi=hard -mthumb -o "Core/Src/main.o"
../Core/Src/main.c: In function 'main':
../Core/Src/main.c:104:17: warning: unused variable 'getdata' [-Wunused-variable]
  104 |   unsigned char getdata;
      |                 ^~~~~~~
arm-none-eabi-gcc -o "20250217_rec_char_2.elf" @"objects.list"   -mcpu=cortex-m4 -T"D:\OneDrive - 独立行政法人 国立高等専門学校機構\github\development-F446RE\20250217_rec_char_2\STM32F446RETX_FLASH.ld" --specs=nosys.specs -Wl,-Map="20250217_rec_char_2.map" -Wl,--gc-sections -static --specs=nano.specs -mfpu=fpv4-sp-d16 -mfloat-abi=hard -mthumb -Wl,--start-group -lc -lm -Wl,--end-group
Finished building target: 20250217_rec_char_2.elf
 
arm-none-eabi-size  20250217_rec_char_2.elf 
arm-none-eabi-objdump -h -S 20250217_rec_char_2.elf  > "20250217_rec_char_2.list"
   text	   data	    bss	    dec	    hex	filename
  16956	    104	   2120	  19180	   4aec	20250217_rec_char_2.elf
Finished building: default.size.stdout
 
Finished building: 20250217_rec_char_2.list
 
14:04:27 **** インクリメンタル・ビルド of configuration Debug for project 20250217_rec_char_2 ****
make -j16 all 
arm-none-eabi-gcc "../Core/Src/main.c" -mcpu=cortex-m4 -std=gnu11 -g3 -DDEBUG -DUSE_HAL_DRIVER -DSTM32F446xx -c -I../Core/Inc -I../Drivers/STM32F4xx_HAL_Driver/Inc -I../Drivers/STM32F4xx_HAL_Driver/Inc/Legacy -I../Drivers/CMSIS/Device/ST/STM32F4xx/Include -I../Drivers/CMSIS/Include -O0 -ffunction-sections -fdata-sections -Wall -fstack-usage -fcyclomatic-complexity -MMD -MP -MF"Core/Src/main.d" -MT"Core/Src/main.o" --specs=nano.specs -mfpu=fpv4-sp-d16 -mfloat-abi=hard -mthumb -o "Core/Src/main.o"
../Core/Src/main.c: In function 'main':
../Core/Src/main.c:104:17: warning: unused variable 'getdata' [-Wunused-variable]
  104 |   unsigned char getdata;
      |                 ^~~~~~~
arm-none-eabi-gcc -o "20250217_rec_char_2.elf" @"objects.list"   -mcpu=cortex-m4 -T"D:\OneDrive - 独立行政法人 国立高等専門学校機構\github\development-F446RE\20250217_rec_char_2\STM32F446RETX_FLASH.ld" --specs=nosys.specs -Wl,-Map="20250217_rec_char_2.map" -Wl,--gc-sections -static --specs=nano.specs -mfpu=fpv4-sp-d16 -mfloat-abi=hard -mthumb -Wl,--start-group -lc -lm -Wl,--end-group
Finished building target: 20250217_rec_char_2.elf
 
arm-none-eabi-size  20250217_rec_char_2.elf 
arm-none-eabi-objdump -h -S 20250217_rec_char_2.elf  > "20250217_rec_char_2.list"
   text	   data	    bss	    dec	    hex	filename
  16948	    104	   2120	  19172	   4ae4	20250217_rec_char_2.elf
Finished building: default.size.stdout
 
Finished building: 20250217_rec_char_2.list
 
14:05:34 **** インクリメンタル・ビルド of configuration Debug for project 20250217_rec_char_2 ****
make -j16 all 
arm-none-eabi-gcc "../Core/Src/main.c" -mcpu=cortex-m4 -std=gnu11 -g3 -DDEBUG -DUSE_HAL_DRIVER -DSTM32F446xx -c -I../Core/Inc -I../Drivers/STM32F4xx_HAL_Driver/Inc -I../Drivers/STM32F4xx_HAL_Driver/Inc/Legacy -I../Drivers/CMSIS/Device/ST/STM32F4xx/Include -I../Drivers/CMSIS/Include -O0 -ffunction-sections -fdata-sections -Wall -fstack-usage -fcyclomatic-complexity -MMD -MP -MF"Core/Src/main.d" -MT"Core/Src/main.o" --specs=nano.specs -mfpu=fpv4-sp-d16 -mfloat-abi=hard -mthumb -o "Core/Src/main.o"
../Core/Src/main.c: In function 'main':
../Core/Src/main.c:104:17: warning: unused variable 'getdata' [-Wunused-variable]
  104 |   unsigned char getdata;
      |                 ^~~~~~~
arm-none-eabi-gcc -o "20250217_rec_char_2.elf" @"objects.list"   -mcpu=cortex-m4 -T"D:\OneDrive - 独立行政法人 国立高等専門学校機構\github\development-F446RE\20250217_rec_char_2\STM32F446RETX_FLASH.ld" --specs=nosys.specs -Wl,-Map="20250217_rec_char_2.map" -Wl,--gc-sections -static --specs=nano.specs -mfpu=fpv4-sp-d16 -mfloat-abi=hard -mthumb -Wl,--start-group -lc -lm -Wl,--end-group
Finished building target: 20250217_rec_char_2.elf
 
arm-none-eabi-size  20250217_rec_char_2.elf 
arm-none-eabi-objdump -h -S 20250217_rec_char_2.elf  > "20250217_rec_char_2.list"
   text	   data	    bss	    dec	    hex	filename
  16948	    104	   2120	  19172	   4ae4	20250217_rec_char_2.elf
Finished building: default.size.stdout
 
Finished building: 20250217_rec_char_2.list
 
14:07:00 **** インクリメンタル・ビルド of configuration Debug for project 20250217_rec_char_2 ****
make -j16 all 
arm-none-eabi-gcc "../Core/Src/main.c" -mcpu=cortex-m4 -std=gnu11 -g3 -DDEBUG -DUSE_HAL_DRIVER -DSTM32F446xx -c -I../Core/Inc -I../Drivers/STM32F4xx_HAL_Driver/Inc -I../Drivers/STM32F4xx_HAL_Driver/Inc/Legacy -I../Drivers/CMSIS/Device/ST/STM32F4xx/Include -I../Drivers/CMSIS/Include -O0 -ffunction-sections -fdata-sections -Wall -fstack-usage -fcyclomatic-complexity -MMD -MP -MF"Core/Src/main.d" -MT"Core/Src/main.o" --specs=nano.specs -mfpu=fpv4-sp-d16 -mfloat-abi=hard -mthumb -o "Core/Src/main.o"
../Core/Src/main.c: In function 'main':
../Core/Src/main.c:104:17: warning: unused variable 'getdata' [-Wunused-variable]
  104 |   unsigned char getdata;
      |                 ^~~~~~~
arm-none-eabi-gcc -o "20250217_rec_char_2.elf" @"objects.list"   -mcpu=cortex-m4 -T"D:\OneDrive - 独立行政法人 国立高等専門学校機構\github\development-F446RE\20250217_rec_char_2\STM32F446RETX_FLASH.ld" --specs=nosys.specs -Wl,-Map="20250217_rec_char_2.map" -Wl,--gc-sections -static --specs=nano.specs -mfpu=fpv4-sp-d16 -mfloat-abi=hard -mthumb -Wl,--start-group -lc -lm -Wl,--end-group
Finished building target: 20250217_rec_char_2.elf
 
arm-none-eabi-size  20250217_rec_char_2.elf 
arm-none-eabi-objdump -h -S 20250217_rec_char_2.elf  > "20250217_rec_char_2.list"
   text	   data	    bss	    dec	    hex	filename
  16760	    104	   2120	  18984	   4a28	20250217_rec_char_2.elf
Finished building: default.size.stdout
 
Finished building: 20250217_rec_char_2.list
 
14:08:46 **** インクリメンタル・ビルド of configuration Debug for project 20250217_rec_char_2 ****
make -j16 all 
arm-none-eabi-gcc "../Core/Src/main.c" -mcpu=cortex-m4 -std=gnu11 -g3 -DDEBUG -DUSE_HAL_DRIVER -DSTM32F446xx -c -I../Core/Inc -I../Drivers/STM32F4xx_HAL_Driver/Inc -I../Drivers/STM32F4xx_HAL_Driver/Inc/Legacy -I../Drivers/CMSIS/Device/ST/STM32F4xx/Include -I../Drivers/CMSIS/Include -O0 -ffunction-sections -fdata-sections -Wall -fstack-usage -fcyclomatic-complexity -MMD -MP -MF"Core/Src/main.d" -MT"Core/Src/main.o" --specs=nano.specs -mfpu=fpv4-sp-d16 -mfloat-abi=hard -mthumb -o "Core/Src/main.o"
../Core/Src/main.c: In function 'main':
../Core/Src/main.c:104:17: warning: unused variable 'getdata' [-Wunused-variable]
  104 |   unsigned char getdata;
      |                 ^~~~~~~
arm-none-eabi-gcc -o "20250217_rec_char_2.elf" @"objects.list"   -mcpu=cortex-m4 -T"D:\OneDrive - 独立行政法人 国立高等専門学校機構\github\development-F446RE\20250217_rec_char_2\STM32F446RETX_FLASH.ld" --specs=nosys.specs -Wl,-Map="20250217_rec_char_2.map" -Wl,--gc-sections -static --specs=nano.specs -mfpu=fpv4-sp-d16 -mfloat-abi=hard -mthumb -Wl,--start-group -lc -lm -Wl,--end-group
Finished building target: 20250217_rec_char_2.elf
 
arm-none-eabi-size  20250217_rec_char_2.elf 
arm-none-eabi-objdump -h -S 20250217_rec_char_2.elf  > "20250217_rec_char_2.list"
   text	   data	    bss	    dec	    hex	filename
  16760	    104	   2120	  18984	   4a28	20250217_rec_char_2.elf
Finished building: default.size.stdout
 
Finished building: 20250217_rec_char_2.list
 
14:18:01 **** インクリメンタル・ビルド of configuration Debug for project 20250217_rec_char_2 ****
make -j16 all 
arm-none-eabi-gcc "../Core/Src/main.c" -mcpu=cortex-m4 -std=gnu11 -g3 -DDEBUG -DUSE_HAL_DRIVER -DSTM32F446xx -c -I../Core/Inc -I../Drivers/STM32F4xx_HAL_Driver/Inc -I../Drivers/STM32F4xx_HAL_Driver/Inc/Legacy -I../Drivers/CMSIS/Device/ST/STM32F4xx/Include -I../Drivers/CMSIS/Include -O0 -ffunction-sections -fdata-sections -Wall -fstack-usage -fcyclomatic-complexity -MMD -MP -MF"Core/Src/main.d" -MT"Core/Src/main.o" --specs=nano.specs -mfpu=fpv4-sp-d16 -mfloat-abi=hard -mthumb -o "Core/Src/main.o"
../Core/Src/main.c: In function 'main':
../Core/Src/main.c:104:17: warning: unused variable 'getdata' [-Wunused-variable]
  104 |   unsigned char getdata;
      |                 ^~~~~~~
arm-none-eabi-gcc -o "20250217_rec_char_2.elf" @"objects.list"   -mcpu=cortex-m4 -T"D:\OneDrive - 独立行政法人 国立高等専門学校機構\github\development-F446RE\20250217_rec_char_2\STM32F446RETX_FLASH.ld" --specs=nosys.specs -Wl,-Map="20250217_rec_char_2.map" -Wl,--gc-sections -static --specs=nano.specs -mfpu=fpv4-sp-d16 -mfloat-abi=hard -mthumb -Wl,--start-group -lc -lm -Wl,--end-group
Finished building target: 20250217_rec_char_2.elf
 
arm-none-eabi-size  20250217_rec_char_2.elf 
arm-none-eabi-objdump -h -S 20250217_rec_char_2.elf  > "20250217_rec_char_2.list"
   text	   data	    bss	    dec	    hex	filename
  16708	    104	   2120	  18932	   49f4	20250217_rec_char_2.elf
Finished building: default.size.stdout
 
Finished building: 20250217_rec_char_2.list
 
14:21:56 **** インクリメンタル・ビルド of configuration Debug for project 20250217_rec_char_2 ****
make -j16 all 
arm-none-eabi-gcc "../Core/Src/main.c" -mcpu=cortex-m4 -std=gnu11 -g3 -DDEBUG -DUSE_HAL_DRIVER -DSTM32F446xx -c -I../Core/Inc -I../Drivers/STM32F4xx_HAL_Driver/Inc -I../Drivers/STM32F4xx_HAL_Driver/Inc/Legacy -I../Drivers/CMSIS/Device/ST/STM32F4xx/Include -I../Drivers/CMSIS/Include -O0 -ffunction-sections -fdata-sections -Wall -fstack-usage -fcyclomatic-complexity -MMD -MP -MF"Core/Src/main.d" -MT"Core/Src/main.o" --specs=nano.specs -mfpu=fpv4-sp-d16 -mfloat-abi=hard -mthumb -o "Core/Src/main.o"
../Core/Src/main.c: In function 'main':
../Core/Src/main.c:104:17: warning: unused variable 'getdata' [-Wunused-variable]
  104 |   unsigned char getdata;
      |                 ^~~~~~~
arm-none-eabi-gcc -o "20250217_rec_char_2.elf" @"objects.list"   -mcpu=cortex-m4 -T"D:\OneDrive - 独立行政法人 国立高等専門学校機構\github\development-F446RE\20250217_rec_char_2\STM32F446RETX_FLASH.ld" --specs=nosys.specs -Wl,-Map="20250217_rec_char_2.map" -Wl,--gc-sections -static --specs=nano.specs -mfpu=fpv4-sp-d16 -mfloat-abi=hard -mthumb -Wl,--start-group -lc -lm -Wl,--end-group
Finished building target: 20250217_rec_char_2.elf
 
arm-none-eabi-size  20250217_rec_char_2.elf 
arm-none-eabi-objdump -h -S 20250217_rec_char_2.elf  > "20250217_rec_char_2.list"
   text	   data	    bss	    dec	    hex	filename
  16728	    104	   2120	  18952	   4a08	20250217_rec_char_2.elf
Finished building: default.size.stdout
 
Finished building: 20250217_rec_char_2.list
 
14:22:20 **** インクリメンタル・ビルド of configuration Debug for project 20250217_rec_char_2 ****
make -j16 all 
arm-none-eabi-gcc "../Core/Src/main.c" -mcpu=cortex-m4 -std=gnu11 -g3 -DDEBUG -DUSE_HAL_DRIVER -DSTM32F446xx -c -I../Core/Inc -I../Drivers/STM32F4xx_HAL_Driver/Inc -I../Drivers/STM32F4xx_HAL_Driver/Inc/Legacy -I../Drivers/CMSIS/Device/ST/STM32F4xx/Include -I../Drivers/CMSIS/Include -O0 -ffunction-sections -fdata-sections -Wall -fstack-usage -fcyclomatic-complexity -MMD -MP -MF"Core/Src/main.d" -MT"Core/Src/main.o" --specs=nano.specs -mfpu=fpv4-sp-d16 -mfloat-abi=hard -mthumb -o "Core/Src/main.o"
../Core/Src/main.c: In function 'main':
../Core/Src/main.c:104:17: warning: unused variable 'getdata' [-Wunused-variable]
  104 |   unsigned char getdata;
      |                 ^~~~~~~
arm-none-eabi-gcc -o "20250217_rec_char_2.elf" @"objects.list"   -mcpu=cortex-m4 -T"D:\OneDrive - 独立行政法人 国立高等専門学校機構\github\development-F446RE\20250217_rec_char_2\STM32F446RETX_FLASH.ld" --specs=nosys.specs -Wl,-Map="20250217_rec_char_2.map" -Wl,--gc-sections -static --specs=nano.specs -mfpu=fpv4-sp-d16 -mfloat-abi=hard -mthumb -Wl,--start-group -lc -lm -Wl,--end-group
Finished building target: 20250217_rec_char_2.elf
 
arm-none-eabi-size  20250217_rec_char_2.elf 
arm-none-eabi-objdump -h -S 20250217_rec_char_2.elf  > "20250217_rec_char_2.list"
   text	   data	    bss	    dec	    hex	filename
  16780	    104	   2120	  19004	   4a3c	20250217_rec_char_2.elf
Finished building: default.size.stdout
 
Finished building: 20250217_rec_char_2.list
 
14:25:46 **** インクリメンタル・ビルド of configuration Debug for project 20250217_rec_char_2 ****
make -j16 all 
arm-none-eabi-gcc "../Core/Src/main.c" -mcpu=cortex-m4 -std=gnu11 -g3 -DDEBUG -DUSE_HAL_DRIVER -DSTM32F446xx -c -I../Core/Inc -I../Drivers/STM32F4xx_HAL_Driver/Inc -I../Drivers/STM32F4xx_HAL_Driver/Inc/Legacy -I../Drivers/CMSIS/Device/ST/STM32F4xx/Include -I../Drivers/CMSIS/Include -O0 -ffunction-sections -fdata-sections -Wall -fstack-usage -fcyclomatic-complexity -MMD -MP -MF"Core/Src/main.d" -MT"Core/Src/main.o" --specs=nano.specs -mfpu=fpv4-sp-d16 -mfloat-abi=hard -mthumb -o "Core/Src/main.o"
../Core/Src/main.c: In function 'main':
../Core/Src/main.c:104:17: warning: unused variable 'getdata' [-Wunused-variable]
  104 |   unsigned char getdata;
      |                 ^~~~~~~
arm-none-eabi-gcc -o "20250217_rec_char_2.elf" @"objects.list"   -mcpu=cortex-m4 -T"D:\OneDrive - 独立行政法人 国立高等専門学校機構\github\development-F446RE\20250217_rec_char_2\STM32F446RETX_FLASH.ld" --specs=nosys.specs -Wl,-Map="20250217_rec_char_2.map" -Wl,--gc-sections -static --specs=nano.specs -mfpu=fpv4-sp-d16 -mfloat-abi=hard -mthumb -Wl,--start-group -lc -lm -Wl,--end-group
Finished building target: 20250217_rec_char_2.elf
 
arm-none-eabi-size  20250217_rec_char_2.elf 
arm-none-eabi-objdump -h -S 20250217_rec_char_2.elf  > "20250217_rec_char_2.list"
   text	   data	    bss	    dec	    hex	filename
  16760	    104	   2120	  18984	   4a28	20250217_rec_char_2.elf
Finished building: default.size.stdout
 
Finished building: 20250217_rec_char_2.list
 
14:33:37 **** ビルド of configuration Debug for project 20250219_rec_char_3 ****
make -j16 all 
arm-none-eabi-gcc "../Core/Src/main.c" -mcpu=cortex-m4 -std=gnu11 -g3 -DDEBUG -DUSE_HAL_DRIVER -DSTM32F446xx -c -I../Core/Inc -I../Drivers/STM32F4xx_HAL_Driver/Inc -I../Drivers/STM32F4xx_HAL_Driver/Inc/Legacy -I../Drivers/CMSIS/Device/ST/STM32F4xx/Include -I../Drivers/CMSIS/Include -O0 -ffunction-sections -fdata-sections -Wall -fstack-usage -fcyclomatic-complexity -MMD -MP -MF"Core/Src/main.d" -MT"Core/Src/main.o" --specs=nano.specs -mfpu=fpv4-sp-d16 -mfloat-abi=hard -mthumb -o "Core/Src/main.o"
arm-none-eabi-gcc -o "20250219_rec_char_3.elf" @"objects.list"   -mcpu=cortex-m4 -T"D:\OneDrive - 独立行政法人 国立高等専門学校機構\github\development-F446RE\20250219_rec_char_3\STM32F446RETX_FLASH.ld" --specs=nosys.specs -Wl,-Map="20250219_rec_char_3.map" -Wl,--gc-sections -static --specs=nano.specs -mfpu=fpv4-sp-d16 -mfloat-abi=hard -mthumb -Wl,--start-group -lc -lm -Wl,--end-group
Finished building target: 20250219_rec_char_3.elf
 
arm-none-eabi-size  20250219_rec_char_3.elf 
arm-none-eabi-objdump -h -S 20250219_rec_char_3.elf  > "20250219_rec_char_3.list"
   text	   data	    bss	    dec	    hex	filename
  16908	    104	   2120	  19132	   4abc	20250219_rec_char_3.elf
Finished building: default.size.stdout
 
Finished building: 20250219_rec_char_3.list
 
14:34:06 **** インクリメンタル・ビルド of configuration Debug for project 20250219_rec_char_3 ****
make -j16 all 
arm-none-eabi-gcc "../Core/Src/main.c" -mcpu=cortex-m4 -std=gnu11 -g3 -DDEBUG -DUSE_HAL_DRIVER -DSTM32F446xx -c -I../Core/Inc -I../Drivers/STM32F4xx_HAL_Driver/Inc -I../Drivers/STM32F4xx_HAL_Driver/Inc/Legacy -I../Drivers/CMSIS/Device/ST/STM32F4xx/Include -I../Drivers/CMSIS/Include -O0 -ffunction-sections -fdata-sections -Wall -fstack-usage -fcyclomatic-complexity -MMD -MP -MF"Core/Src/main.d" -MT"Core/Src/main.o" --specs=nano.specs -mfpu=fpv4-sp-d16 -mfloat-abi=hard -mthumb -o "Core/Src/main.o"
arm-none-eabi-gcc -o "20250219_rec_char_3.elf" @"objects.list"   -mcpu=cortex-m4 -T"D:\OneDrive - 独立行政法人 国立高等専門学校機構\github\development-F446RE\20250219_rec_char_3\STM32F446RETX_FLASH.ld" --specs=nosys.specs -Wl,-Map="20250219_rec_char_3.map" -Wl,--gc-sections -static --specs=nano.specs -mfpu=fpv4-sp-d16 -mfloat-abi=hard -mthumb -Wl,--start-group -lc -lm -Wl,--end-group
Finished building target: 20250219_rec_char_3.elf
 
arm-none-eabi-size  20250219_rec_char_3.elf 
arm-none-eabi-objdump -h -S 20250219_rec_char_3.elf  > "20250219_rec_char_3.list"
   text	   data	    bss	    dec	    hex	filename
  16984	    104	   2120	  19208	   4b08	20250219_rec_char_3.elf
Finished building: default.size.stdout
 
Finished building: 20250219_rec_char_3.list
 
14:34:51 **** インクリメンタル・ビルド of configuration Debug for project 20250219_rec_char_3 ****
make -j16 all 
arm-none-eabi-gcc "../Core/Src/main.c" -mcpu=cortex-m4 -std=gnu11 -g3 -DDEBUG -DUSE_HAL_DRIVER -DSTM32F446xx -c -I../Core/Inc -I../Drivers/STM32F4xx_HAL_Driver/Inc -I../Drivers/STM32F4xx_HAL_Driver/Inc/Legacy -I../Drivers/CMSIS/Device/ST/STM32F4xx/Include -I../Drivers/CMSIS/Include -O0 -ffunction-sections -fdata-sections -Wall -fstack-usage -fcyclomatic-complexity -MMD -MP -MF"Core/Src/main.d" -MT"Core/Src/main.o" --specs=nano.specs -mfpu=fpv4-sp-d16 -mfloat-abi=hard -mthumb -o "Core/Src/main.o"
arm-none-eabi-gcc -o "20250219_rec_char_3.elf" @"objects.list"   -mcpu=cortex-m4 -T"D:\OneDrive - 独立行政法人 国立高等専門学校機構\github\development-F446RE\20250219_rec_char_3\STM32F446RETX_FLASH.ld" --specs=nosys.specs -Wl,-Map="20250219_rec_char_3.map" -Wl,--gc-sections -static --specs=nano.specs -mfpu=fpv4-sp-d16 -mfloat-abi=hard -mthumb -Wl,--start-group -lc -lm -Wl,--end-group
Finished building target: 20250219_rec_char_3.elf
 
arm-none-eabi-size  20250219_rec_char_3.elf 
arm-none-eabi-objdump -h -S 20250219_rec_char_3.elf  > "20250219_rec_char_3.list"
   text	   data	    bss	    dec	    hex	filename
  16984	    104	   2120	  19208	   4b08	20250219_rec_char_3.elf
Finished building: default.size.stdout
 
Finished building: 20250219_rec_char_3.list
 
14:42:11 **** インクリメンタル・ビルド of configuration Debug for project 20250219_rec_char_3 ****
make -j16 all 
arm-none-eabi-gcc "../Core/Src/main.c" -mcpu=cortex-m4 -std=gnu11 -g3 -DDEBUG -DUSE_HAL_DRIVER -DSTM32F446xx -c -I../Core/Inc -I../Drivers/STM32F4xx_HAL_Driver/Inc -I../Drivers/STM32F4xx_HAL_Driver/Inc/Legacy -I../Drivers/CMSIS/Device/ST/STM32F4xx/Include -I../Drivers/CMSIS/Include -O0 -ffunction-sections -fdata-sections -Wall -fstack-usage -fcyclomatic-complexity -MMD -MP -MF"Core/Src/main.d" -MT"Core/Src/main.o" --specs=nano.specs -mfpu=fpv4-sp-d16 -mfloat-abi=hard -mthumb -o "Core/Src/main.o"
arm-none-eabi-gcc -o "20250219_rec_char_3.elf" @"objects.list"   -mcpu=cortex-m4 -T"D:\OneDrive - 独立行政法人 国立高等専門学校機構\github\development-F446RE\20250219_rec_char_3\STM32F446RETX_FLASH.ld" --specs=nosys.specs -Wl,-Map="20250219_rec_char_3.map" -Wl,--gc-sections -static --specs=nano.specs -mfpu=fpv4-sp-d16 -mfloat-abi=hard -mthumb -Wl,--start-group -lc -lm -Wl,--end-group
Finished building target: 20250219_rec_char_3.elf
 
arm-none-eabi-size  20250219_rec_char_3.elf 
arm-none-eabi-objdump -h -S 20250219_rec_char_3.elf  > "20250219_rec_char_3.list"
   text	   data	    bss	    dec	    hex	filename
  16992	    104	   2120	  19216	   4b10	20250219_rec_char_3.elf
Finished building: default.size.stdout
 
Finished building: 20250219_rec_char_3.list
 
14:45:21 **** インクリメンタル・ビルド of configuration Debug for project 20250219_rec_char_3 ****
make -j16 all 
arm-none-eabi-gcc "../Core/Src/main.c" -mcpu=cortex-m4 -std=gnu11 -g3 -DDEBUG -DUSE_HAL_DRIVER -DSTM32F446xx -c -I../Core/Inc -I../Drivers/STM32F4xx_HAL_Driver/Inc -I../Drivers/STM32F4xx_HAL_Driver/Inc/Legacy -I../Drivers/CMSIS/Device/ST/STM32F4xx/Include -I../Drivers/CMSIS/Include -O0 -ffunction-sections -fdata-sections -Wall -fstack-usage -fcyclomatic-complexity -MMD -MP -MF"Core/Src/main.d" -MT"Core/Src/main.o" --specs=nano.specs -mfpu=fpv4-sp-d16 -mfloat-abi=hard -mthumb -o "Core/Src/main.o"
arm-none-eabi-gcc -o "20250219_rec_char_3.elf" @"objects.list"   -mcpu=cortex-m4 -T"D:\OneDrive - 独立行政法人 国立高等専門学校機構\github\development-F446RE\20250219_rec_char_3\STM32F446RETX_FLASH.ld" --specs=nosys.specs -Wl,-Map="20250219_rec_char_3.map" -Wl,--gc-sections -static --specs=nano.specs -mfpu=fpv4-sp-d16 -mfloat-abi=hard -mthumb -Wl,--start-group -lc -lm -Wl,--end-group
Finished building target: 20250219_rec_char_3.elf
 
arm-none-eabi-size  20250219_rec_char_3.elf 
arm-none-eabi-objdump -h -S 20250219_rec_char_3.elf  > "20250219_rec_char_3.list"
   text	   data	    bss	    dec	    hex	filename
  16992	    104	   2120	  19216	   4b10	20250219_rec_char_3.elf
Finished building: default.size.stdout
 
Finished building: 20250219_rec_char_3.list
 
14:49:32 **** インクリメンタル・ビルド of configuration Debug for project 20250219_rec_char_3 ****
make -j16 all 
arm-none-eabi-gcc "../Core/Src/main.c" -mcpu=cortex-m4 -std=gnu11 -g3 -DDEBUG -DUSE_HAL_DRIVER -DSTM32F446xx -c -I../Core/Inc -I../Drivers/STM32F4xx_HAL_Driver/Inc -I../Drivers/STM32F4xx_HAL_Driver/Inc/Legacy -I../Drivers/CMSIS/Device/ST/STM32F4xx/Include -I../Drivers/CMSIS/Include -O0 -ffunction-sections -fdata-sections -Wall -fstack-usage -fcyclomatic-complexity -MMD -MP -MF"Core/Src/main.d" -MT"Core/Src/main.o" --specs=nano.specs -mfpu=fpv4-sp-d16 -mfloat-abi=hard -mthumb -o "Core/Src/main.o"
arm-none-eabi-gcc -o "20250219_rec_char_3.elf" @"objects.list"   -mcpu=cortex-m4 -T"D:\OneDrive - 独立行政法人 国立高等専門学校機構\github\development-F446RE\20250219_rec_char_3\STM32F446RETX_FLASH.ld" --specs=nosys.specs -Wl,-Map="20250219_rec_char_3.map" -Wl,--gc-sections -static --specs=nano.specs -mfpu=fpv4-sp-d16 -mfloat-abi=hard -mthumb -Wl,--start-group -lc -lm -Wl,--end-group
Finished building target: 20250219_rec_char_3.elf
 
arm-none-eabi-size  20250219_rec_char_3.elf 
arm-none-eabi-objdump -h -S 20250219_rec_char_3.elf  > "20250219_rec_char_3.list"
   text	   data	    bss	    dec	    hex	filename
  16992	    104	   2120	  19216	   4b10	20250219_rec_char_3.elf
Finished building: default.size.stdout
 
Finished building: 20250219_rec_char_3.list
 
14:50:47 **** インクリメンタル・ビルド of configuration Debug for project 20250219_rec_char_3 ****
make -j16 all 
arm-none-eabi-gcc "../Core/Src/main.c" -mcpu=cortex-m4 -std=gnu11 -g3 -DDEBUG -DUSE_HAL_DRIVER -DSTM32F446xx -c -I../Core/Inc -I../Drivers/STM32F4xx_HAL_Driver/Inc -I../Drivers/STM32F4xx_HAL_Driver/Inc/Legacy -I../Drivers/CMSIS/Device/ST/STM32F4xx/Include -I../Drivers/CMSIS/Include -O0 -ffunction-sections -fdata-sections -Wall -fstack-usage -fcyclomatic-complexity -MMD -MP -MF"Core/Src/main.d" -MT"Core/Src/main.o" --specs=nano.specs -mfpu=fpv4-sp-d16 -mfloat-abi=hard -mthumb -o "Core/Src/main.o"
arm-none-eabi-gcc -o "20250219_rec_char_3.elf" @"objects.list"   -mcpu=cortex-m4 -T"D:\OneDrive - 独立行政法人 国立高等専門学校機構\github\development-F446RE\20250219_rec_char_3\STM32F446RETX_FLASH.ld" --specs=nosys.specs -Wl,-Map="20250219_rec_char_3.map" -Wl,--gc-sections -static --specs=nano.specs -mfpu=fpv4-sp-d16 -mfloat-abi=hard -mthumb -Wl,--start-group -lc -lm -Wl,--end-group
Finished building target: 20250219_rec_char_3.elf
 
arm-none-eabi-size  20250219_rec_char_3.elf 
arm-none-eabi-objdump -h -S 20250219_rec_char_3.elf  > "20250219_rec_char_3.list"
   text	   data	    bss	    dec	    hex	filename
  16992	    104	   2120	  19216	   4b10	20250219_rec_char_3.elf
Finished building: default.size.stdout
 
Finished building: 20250219_rec_char_3.list
 
16:19:20 **** ビルド of configuration Debug for project 20250219_rec_sumch ****
make -j16 all 
arm-none-eabi-gcc -o "20250219_rec_sumch.elf" @"objects.list"   -mcpu=cortex-m4 -T"D:\OneDrive - 独立行政法人 国立高等専門学校機構\github\development-F446RE\20250219_rec_sumch\STM32F446RETX_FLASH.ld" --specs=nosys.specs -Wl,-Map="20250219_rec_sumch.map" -Wl,--gc-sections -static --specs=nano.specs -mfpu=fpv4-sp-d16 -mfloat-abi=hard -mthumb -Wl,--start-group -lc -lm -Wl,--end-group
Finished building target: 20250219_rec_sumch.elf
 
arm-none-eabi-size  20250219_rec_sumch.elf 
arm-none-eabi-objdump -h -S 20250219_rec_sumch.elf  > "20250219_rec_sumch.list"
   text	   data	    bss	    dec	    hex	filename
  16992	    104	   2120	  19216	   4b10	20250219_rec_sumch.elf
Finished building: default.size.stdout
 
Finished building: 20250219_rec_sumch.list
 
16:23:55 **** インクリメンタル・ビルド of configuration Debug for project 20250219_rec_sumch ****
make -j16 all 
arm-none-eabi-gcc "../Core/Src/main.c" -mcpu=cortex-m4 -std=gnu11 -g3 -DDEBUG -DUSE_HAL_DRIVER -DSTM32F446xx -c -I../Core/Inc -I../Drivers/STM32F4xx_HAL_Driver/Inc -I../Drivers/STM32F4xx_HAL_Driver/Inc/Legacy -I../Drivers/CMSIS/Device/ST/STM32F4xx/Include -I../Drivers/CMSIS/Include -O0 -ffunction-sections -fdata-sections -Wall -fstack-usage -fcyclomatic-complexity -MMD -MP -MF"Core/Src/main.d" -MT"Core/Src/main.o" --specs=nano.specs -mfpu=fpv4-sp-d16 -mfloat-abi=hard -mthumb -o "Core/Src/main.o"
arm-none-eabi-gcc -o "20250219_rec_sumch.elf" @"objects.list"   -mcpu=cortex-m4 -T"D:\OneDrive - 独立行政法人 国立高等専門学校機構\github\development-F446RE\20250219_rec_sumch\STM32F446RETX_FLASH.ld" --specs=nosys.specs -Wl,-Map="20250219_rec_sumch.map" -Wl,--gc-sections -static --specs=nano.specs -mfpu=fpv4-sp-d16 -mfloat-abi=hard -mthumb -Wl,--start-group -lc -lm -Wl,--end-group
Finished building target: 20250219_rec_sumch.elf
 
arm-none-eabi-size  20250219_rec_sumch.elf 
arm-none-eabi-objdump -h -S 20250219_rec_sumch.elf  > "20250219_rec_sumch.list"
   text	   data	    bss	    dec	    hex	filename
  17048	    104	   2120	  19272	   4b48	20250219_rec_sumch.elf
Finished building: default.size.stdout
 
Finished building: 20250219_rec_sumch.list
 
16:25:24 **** インクリメンタル・ビルド of configuration Debug for project 20250219_rec_sumch ****
make -j16 all 
arm-none-eabi-gcc "../Core/Src/main.c" -mcpu=cortex-m4 -std=gnu11 -g3 -DDEBUG -DUSE_HAL_DRIVER -DSTM32F446xx -c -I../Core/Inc -I../Drivers/STM32F4xx_HAL_Driver/Inc -I../Drivers/STM32F4xx_HAL_Driver/Inc/Legacy -I../Drivers/CMSIS/Device/ST/STM32F4xx/Include -I../Drivers/CMSIS/Include -O0 -ffunction-sections -fdata-sections -Wall -fstack-usage -fcyclomatic-complexity -MMD -MP -MF"Core/Src/main.d" -MT"Core/Src/main.o" --specs=nano.specs -mfpu=fpv4-sp-d16 -mfloat-abi=hard -mthumb -o "Core/Src/main.o"
arm-none-eabi-gcc -o "20250219_rec_sumch.elf" @"objects.list"   -mcpu=cortex-m4 -T"D:\OneDrive - 独立行政法人 国立高等専門学校機構\github\development-F446RE\20250219_rec_sumch\STM32F446RETX_FLASH.ld" --specs=nosys.specs -Wl,-Map="20250219_rec_sumch.map" -Wl,--gc-sections -static --specs=nano.specs -mfpu=fpv4-sp-d16 -mfloat-abi=hard -mthumb -Wl,--start-group -lc -lm -Wl,--end-group
Finished building target: 20250219_rec_sumch.elf
 
arm-none-eabi-size  20250219_rec_sumch.elf 
arm-none-eabi-objdump -h -S 20250219_rec_sumch.elf  > "20250219_rec_sumch.list"
   text	   data	    bss	    dec	    hex	filename
  17048	    104	   2120	  19272	   4b48	20250219_rec_sumch.elf
Finished building: default.size.stdout
 
Finished building: 20250219_rec_sumch.list
 
16:39:18 **** インクリメンタル・ビルド of configuration Debug for project 20250219_rec_sumch ****
make -j16 all 
arm-none-eabi-gcc "../Core/Src/main.c" -mcpu=cortex-m4 -std=gnu11 -g3 -DDEBUG -DUSE_HAL_DRIVER -DSTM32F446xx -c -I../Core/Inc -I../Drivers/STM32F4xx_HAL_Driver/Inc -I../Drivers/STM32F4xx_HAL_Driver/Inc/Legacy -I../Drivers/CMSIS/Device/ST/STM32F4xx/Include -I../Drivers/CMSIS/Include -O0 -ffunction-sections -fdata-sections -Wall -fstack-usage -fcyclomatic-complexity -MMD -MP -MF"Core/Src/main.d" -MT"Core/Src/main.o" --specs=nano.specs -mfpu=fpv4-sp-d16 -mfloat-abi=hard -mthumb -o "Core/Src/main.o"
arm-none-eabi-gcc -o "20250219_rec_sumch.elf" @"objects.list"   -mcpu=cortex-m4 -T"D:\OneDrive - 独立行政法人 国立高等専門学校機構\github\development-F446RE\20250219_rec_sumch\STM32F446RETX_FLASH.ld" --specs=nosys.specs -Wl,-Map="20250219_rec_sumch.map" -Wl,--gc-sections -static --specs=nano.specs -mfpu=fpv4-sp-d16 -mfloat-abi=hard -mthumb -Wl,--start-group -lc -lm -Wl,--end-group
Finished building target: 20250219_rec_sumch.elf
 
arm-none-eabi-size  20250219_rec_sumch.elf 
arm-none-eabi-objdump -h -S 20250219_rec_sumch.elf  > "20250219_rec_sumch.list"
   text	   data	    bss	    dec	    hex	filename
  17072	    104	   2120	  19296	   4b60	20250219_rec_sumch.elf
Finished building: default.size.stdout
 
Finished building: 20250219_rec_sumch.list
 
08:59:02 **** ビルド of configuration Debug for project 20250220_rec_sumch2 ****
make -j16 all 
arm-none-eabi-gcc -o "20250220_rec_sumch2.elf" @"objects.list"   -mcpu=cortex-m4 -T"D:\OneDrive - 独立行政法人 国立高等専門学校機構\github\development-F446RE\20250220_rec_sumch2\STM32F446RETX_FLASH.ld" --specs=nosys.specs -Wl,-Map="20250220_rec_sumch2.map" -Wl,--gc-sections -static --specs=nano.specs -mfpu=fpv4-sp-d16 -mfloat-abi=hard -mthumb -Wl,--start-group -lc -lm -Wl,--end-group
Finished building target: 20250220_rec_sumch2.elf
 
arm-none-eabi-size  20250220_rec_sumch2.elf 
arm-none-eabi-objdump -h -S 20250220_rec_sumch2.elf  > "20250220_rec_sumch2.list"
   text	   data	    bss	    dec	    hex	filename
  17072	    104	   2120	  19296	   4b60	20250220_rec_sumch2.elf
Finished building: default.size.stdout
 
Finished building: 20250220_rec_sumch2.list
 
09:09:15 **** インクリメンタル・ビルド of configuration Debug for project 20250220_rec_sumch2 ****
make -j16 all 
arm-none-eabi-gcc "../Core/Src/main.c" -mcpu=cortex-m4 -std=gnu11 -g3 -DDEBUG -DUSE_HAL_DRIVER -DSTM32F446xx -c -I../Core/Inc -I../Drivers/STM32F4xx_HAL_Driver/Inc -I../Drivers/STM32F4xx_HAL_Driver/Inc/Legacy -I../Drivers/CMSIS/Device/ST/STM32F4xx/Include -I../Drivers/CMSIS/Include -O0 -ffunction-sections -fdata-sections -Wall -fstack-usage -fcyclomatic-complexity -MMD -MP -MF"Core/Src/main.d" -MT"Core/Src/main.o" --specs=nano.specs -mfpu=fpv4-sp-d16 -mfloat-abi=hard -mthumb -o "Core/Src/main.o"
arm-none-eabi-gcc -o "20250220_rec_sumch2.elf" @"objects.list"   -mcpu=cortex-m4 -T"D:\OneDrive - 独立行政法人 国立高等専門学校機構\github\development-F446RE\20250220_rec_sumch2\STM32F446RETX_FLASH.ld" --specs=nosys.specs -Wl,-Map="20250220_rec_sumch2.map" -Wl,--gc-sections -static --specs=nano.specs -mfpu=fpv4-sp-d16 -mfloat-abi=hard -mthumb -Wl,--start-group -lc -lm -Wl,--end-group
Finished building target: 20250220_rec_sumch2.elf
 
arm-none-eabi-size  20250220_rec_sumch2.elf 
arm-none-eabi-objdump -h -S 20250220_rec_sumch2.elf  > "20250220_rec_sumch2.list"
   text	   data	    bss	    dec	    hex	filename
  17072	    104	   2120	  19296	   4b60	20250220_rec_sumch2.elf
Finished building: default.size.stdout
 
Finished building: 20250220_rec_sumch2.list
 
09:09:51 **** インクリメンタル・ビルド of configuration Debug for project 20250220_rec_sumch2 ****
make -j16 all 
arm-none-eabi-gcc "../Core/Src/main.c" -mcpu=cortex-m4 -std=gnu11 -g3 -DDEBUG -DUSE_HAL_DRIVER -DSTM32F446xx -c -I../Core/Inc -I../Drivers/STM32F4xx_HAL_Driver/Inc -I../Drivers/STM32F4xx_HAL_Driver/Inc/Legacy -I../Drivers/CMSIS/Device/ST/STM32F4xx/Include -I../Drivers/CMSIS/Include -O0 -ffunction-sections -fdata-sections -Wall -fstack-usage -fcyclomatic-complexity -MMD -MP -MF"Core/Src/main.d" -MT"Core/Src/main.o" --specs=nano.specs -mfpu=fpv4-sp-d16 -mfloat-abi=hard -mthumb -o "Core/Src/main.o"
arm-none-eabi-gcc -o "20250220_rec_sumch2.elf" @"objects.list"   -mcpu=cortex-m4 -T"D:\OneDrive - 独立行政法人 国立高等専門学校機構\github\development-F446RE\20250220_rec_sumch2\STM32F446RETX_FLASH.ld" --specs=nosys.specs -Wl,-Map="20250220_rec_sumch2.map" -Wl,--gc-sections -static --specs=nano.specs -mfpu=fpv4-sp-d16 -mfloat-abi=hard -mthumb -Wl,--start-group -lc -lm -Wl,--end-group
Finished building target: 20250220_rec_sumch2.elf
 
arm-none-eabi-size  20250220_rec_sumch2.elf 
arm-none-eabi-objdump -h -S 20250220_rec_sumch2.elf  > "20250220_rec_sumch2.list"
   text	   data	    bss	    dec	    hex	filename
  17072	    104	   2120	  19296	   4b60	20250220_rec_sumch2.elf
Finished building: default.size.stdout
 
Finished building: 20250220_rec_sumch2.list
 
09:17:13 **** インクリメンタル・ビルド of configuration Debug for project 20250220_rec_sumch2 ****
make -j16 all 
arm-none-eabi-gcc "../Core/Src/main.c" -mcpu=cortex-m4 -std=gnu11 -g3 -DDEBUG -DUSE_HAL_DRIVER -DSTM32F446xx -c -I../Core/Inc -I../Drivers/STM32F4xx_HAL_Driver/Inc -I../Drivers/STM32F4xx_HAL_Driver/Inc/Legacy -I../Drivers/CMSIS/Device/ST/STM32F4xx/Include -I../Drivers/CMSIS/Include -O0 -ffunction-sections -fdata-sections -Wall -fstack-usage -fcyclomatic-complexity -MMD -MP -MF"Core/Src/main.d" -MT"Core/Src/main.o" --specs=nano.specs -mfpu=fpv4-sp-d16 -mfloat-abi=hard -mthumb -o "Core/Src/main.o"
../Core/Src/main.c: In function 'main':
../Core/Src/main.c:133:58: warning: too many arguments for format [-Wformat-extra-args]
  133 |                                                   printf("%%02x ",revdata[i]);
      |                                                          ^~~~~~~~
arm-none-eabi-gcc -o "20250220_rec_sumch2.elf" @"objects.list"   -mcpu=cortex-m4 -T"D:\OneDrive - 独立行政法人 国立高等専門学校機構\github\development-F446RE\20250220_rec_sumch2\STM32F446RETX_FLASH.ld" --specs=nosys.specs -Wl,-Map="20250220_rec_sumch2.map" -Wl,--gc-sections -static --specs=nano.specs -mfpu=fpv4-sp-d16 -mfloat-abi=hard -mthumb -Wl,--start-group -lc -lm -Wl,--end-group
Finished building target: 20250220_rec_sumch2.elf
 
arm-none-eabi-size  20250220_rec_sumch2.elf 
arm-none-eabi-objdump -h -S 20250220_rec_sumch2.elf  > "20250220_rec_sumch2.list"
   text	   data	    bss	    dec	    hex	filename
  17068	    104	   2120	  19292	   4b5c	20250220_rec_sumch2.elf
Finished building: default.size.stdout
 
Finished building: 20250220_rec_sumch2.list
 
09:17:32 **** インクリメンタル・ビルド of configuration Debug for project 20250220_rec_sumch2 ****
make -j16 all 
arm-none-eabi-gcc "../Core/Src/main.c" -mcpu=cortex-m4 -std=gnu11 -g3 -DDEBUG -DUSE_HAL_DRIVER -DSTM32F446xx -c -I../Core/Inc -I../Drivers/STM32F4xx_HAL_Driver/Inc -I../Drivers/STM32F4xx_HAL_Driver/Inc/Legacy -I../Drivers/CMSIS/Device/ST/STM32F4xx/Include -I../Drivers/CMSIS/Include -O0 -ffunction-sections -fdata-sections -Wall -fstack-usage -fcyclomatic-complexity -MMD -MP -MF"Core/Src/main.d" -MT"Core/Src/main.o" --specs=nano.specs -mfpu=fpv4-sp-d16 -mfloat-abi=hard -mthumb -o "Core/Src/main.o"
arm-none-eabi-gcc -o "20250220_rec_sumch2.elf" @"objects.list"   -mcpu=cortex-m4 -T"D:\OneDrive - 独立行政法人 国立高等専門学校機構\github\development-F446RE\20250220_rec_sumch2\STM32F446RETX_FLASH.ld" --specs=nosys.specs -Wl,-Map="20250220_rec_sumch2.map" -Wl,--gc-sections -static --specs=nano.specs -mfpu=fpv4-sp-d16 -mfloat-abi=hard -mthumb -Wl,--start-group -lc -lm -Wl,--end-group
Finished building target: 20250220_rec_sumch2.elf
 
arm-none-eabi-size  20250220_rec_sumch2.elf 
arm-none-eabi-objdump -h -S 20250220_rec_sumch2.elf  > "20250220_rec_sumch2.list"
   text	   data	    bss	    dec	    hex	filename
  17068	    104	   2120	  19292	   4b5c	20250220_rec_sumch2.elf
Finished building: default.size.stdout
 
Finished building: 20250220_rec_sumch2.list
 
09:20:33 **** インクリメンタル・ビルド of configuration Debug for project 20250220_rec_sumch2 ****
make -j16 all 
arm-none-eabi-gcc "../Core/Src/main.c" -mcpu=cortex-m4 -std=gnu11 -g3 -DDEBUG -DUSE_HAL_DRIVER -DSTM32F446xx -c -I../Core/Inc -I../Drivers/STM32F4xx_HAL_Driver/Inc -I../Drivers/STM32F4xx_HAL_Driver/Inc/Legacy -I../Drivers/CMSIS/Device/ST/STM32F4xx/Include -I../Drivers/CMSIS/Include -O0 -ffunction-sections -fdata-sections -Wall -fstack-usage -fcyclomatic-complexity -MMD -MP -MF"Core/Src/main.d" -MT"Core/Src/main.o" --specs=nano.specs -mfpu=fpv4-sp-d16 -mfloat-abi=hard -mthumb -o "Core/Src/main.o"
arm-none-eabi-gcc -o "20250220_rec_sumch2.elf" @"objects.list"   -mcpu=cortex-m4 -T"D:\OneDrive - 独立行政法人 国立高等専門学校機構\github\development-F446RE\20250220_rec_sumch2\STM32F446RETX_FLASH.ld" --specs=nosys.specs -Wl,-Map="20250220_rec_sumch2.map" -Wl,--gc-sections -static --specs=nano.specs -mfpu=fpv4-sp-d16 -mfloat-abi=hard -mthumb -Wl,--start-group -lc -lm -Wl,--end-group
Finished building target: 20250220_rec_sumch2.elf
 
arm-none-eabi-size  20250220_rec_sumch2.elf 
arm-none-eabi-objdump -h -S 20250220_rec_sumch2.elf  > "20250220_rec_sumch2.list"
   text	   data	    bss	    dec	    hex	filename
  17072	    104	   2120	  19296	   4b60	20250220_rec_sumch2.elf
Finished building: default.size.stdout
 
Finished building: 20250220_rec_sumch2.list
 
09:23:50 **** インクリメンタル・ビルド of configuration Debug for project 20250220_rec_sumch2 ****
make -j16 all 
arm-none-eabi-gcc "../Core/Src/main.c" -mcpu=cortex-m4 -std=gnu11 -g3 -DDEBUG -DUSE_HAL_DRIVER -DSTM32F446xx -c -I../Core/Inc -I../Drivers/STM32F4xx_HAL_Driver/Inc -I../Drivers/STM32F4xx_HAL_Driver/Inc/Legacy -I../Drivers/CMSIS/Device/ST/STM32F4xx/Include -I../Drivers/CMSIS/Include -O0 -ffunction-sections -fdata-sections -Wall -fstack-usage -fcyclomatic-complexity -MMD -MP -MF"Core/Src/main.d" -MT"Core/Src/main.o" --specs=nano.specs -mfpu=fpv4-sp-d16 -mfloat-abi=hard -mthumb -o "Core/Src/main.o"
../Core/Src/main.c: In function 'main':
../Core/Src/main.c:130:27: warning: implicit declaration of function 'memset' [-Wimplicit-function-declaration]
  130 |                           memset(revdata,0x00,sizeof(revdata));
      |                           ^~~~~~
../Core/Src/main.c:25:1: note: include '<string.h>' or provide a declaration of 'memset'
   24 | #include <stdio.h>
  +++ |+#include <string.h>
   25 | 
../Core/Src/main.c:130:27: warning: incompatible implicit declaration of built-in function 'memset' [-Wbuiltin-declaration-mismatch]
  130 |                           memset(revdata,0x00,sizeof(revdata));
      |                           ^~~~~~
../Core/Src/main.c:130:27: note: include '<string.h>' or provide a declaration of 'memset'
arm-none-eabi-gcc -o "20250220_rec_sumch2.elf" @"objects.list"   -mcpu=cortex-m4 -T"D:\OneDrive - 独立行政法人 国立高等専門学校機構\github\development-F446RE\20250220_rec_sumch2\STM32F446RETX_FLASH.ld" --specs=nosys.specs -Wl,-Map="20250220_rec_sumch2.map" -Wl,--gc-sections -static --specs=nano.specs -mfpu=fpv4-sp-d16 -mfloat-abi=hard -mthumb -Wl,--start-group -lc -lm -Wl,--end-group
Finished building target: 20250220_rec_sumch2.elf
 
arm-none-eabi-size  20250220_rec_sumch2.elf 
arm-none-eabi-objdump -h -S 20250220_rec_sumch2.elf  > "20250220_rec_sumch2.list"
   text	   data	    bss	    dec	    hex	filename
  17084	    104	   2120	  19308	   4b6c	20250220_rec_sumch2.elf
Finished building: default.size.stdout
 
Finished building: 20250220_rec_sumch2.list
 
09:24:44 **** インクリメンタル・ビルド of configuration Debug for project 20250220_rec_sumch2 ****
make -j16 all 
arm-none-eabi-gcc "../Core/Src/main.c" -mcpu=cortex-m4 -std=gnu11 -g3 -DDEBUG -DUSE_HAL_DRIVER -DSTM32F446xx -c -I../Core/Inc -I../Drivers/STM32F4xx_HAL_Driver/Inc -I../Drivers/STM32F4xx_HAL_Driver/Inc/Legacy -I../Drivers/CMSIS/Device/ST/STM32F4xx/Include -I../Drivers/CMSIS/Include -O0 -ffunction-sections -fdata-sections -Wall -fstack-usage -fcyclomatic-complexity -MMD -MP -MF"Core/Src/main.d" -MT"Core/Src/main.o" --specs=nano.specs -mfpu=fpv4-sp-d16 -mfloat-abi=hard -mthumb -o "Core/Src/main.o"
../Core/Src/main.c: In function 'main':
../Core/Src/main.c:144:19: warning: implicit declaration of function 'memset' [-Wimplicit-function-declaration]
  144 |                   memset(revdata,0x00,sizeof(revdata));
      |                   ^~~~~~
../Core/Src/main.c:25:1: note: include '<string.h>' or provide a declaration of 'memset'
   24 | #include <stdio.h>
  +++ |+#include <string.h>
   25 | 
../Core/Src/main.c:144:19: warning: incompatible implicit declaration of built-in function 'memset' [-Wbuiltin-declaration-mismatch]
  144 |                   memset(revdata,0x00,sizeof(revdata));
      |                   ^~~~~~
../Core/Src/main.c:144:19: note: include '<string.h>' or provide a declaration of 'memset'
arm-none-eabi-gcc -o "20250220_rec_sumch2.elf" @"objects.list"   -mcpu=cortex-m4 -T"D:\OneDrive - 独立行政法人 国立高等専門学校機構\github\development-F446RE\20250220_rec_sumch2\STM32F446RETX_FLASH.ld" --specs=nosys.specs -Wl,-Map="20250220_rec_sumch2.map" -Wl,--gc-sections -static --specs=nano.specs -mfpu=fpv4-sp-d16 -mfloat-abi=hard -mthumb -Wl,--start-group -lc -lm -Wl,--end-group
Finished building target: 20250220_rec_sumch2.elf
 
arm-none-eabi-size  20250220_rec_sumch2.elf 
arm-none-eabi-objdump -h -S 20250220_rec_sumch2.elf  > "20250220_rec_sumch2.list"
   text	   data	    bss	    dec	    hex	filename
  17084	    104	   2120	  19308	   4b6c	20250220_rec_sumch2.elf
Finished building: default.size.stdout
 
Finished building: 20250220_rec_sumch2.list
 
09:25:26 **** インクリメンタル・ビルド of configuration Debug for project 20250220_rec_sumch2 ****
make -j16 all 
arm-none-eabi-gcc "../Core/Src/main.c" -mcpu=cortex-m4 -std=gnu11 -g3 -DDEBUG -DUSE_HAL_DRIVER -DSTM32F446xx -c -I../Core/Inc -I../Drivers/STM32F4xx_HAL_Driver/Inc -I../Drivers/STM32F4xx_HAL_Driver/Inc/Legacy -I../Drivers/CMSIS/Device/ST/STM32F4xx/Include -I../Drivers/CMSIS/Include -O0 -ffunction-sections -fdata-sections -Wall -fstack-usage -fcyclomatic-complexity -MMD -MP -MF"Core/Src/main.d" -MT"Core/Src/main.o" --specs=nano.specs -mfpu=fpv4-sp-d16 -mfloat-abi=hard -mthumb -o "Core/Src/main.o"
../Core/Src/main.c: In function 'main':
../Core/Src/main.c:152:11: warning: implicit declaration of function 'memset' [-Wimplicit-function-declaration]
  152 |           memset(revdata,0x00,sizeof(revdata));
      |           ^~~~~~
../Core/Src/main.c:25:1: note: include '<string.h>' or provide a declaration of 'memset'
   24 | #include <stdio.h>
  +++ |+#include <string.h>
   25 | 
../Core/Src/main.c:152:11: warning: incompatible implicit declaration of built-in function 'memset' [-Wbuiltin-declaration-mismatch]
  152 |           memset(revdata,0x00,sizeof(revdata));
      |           ^~~~~~
../Core/Src/main.c:152:11: note: include '<string.h>' or provide a declaration of 'memset'
arm-none-eabi-gcc -o "20250220_rec_sumch2.elf" @"objects.list"   -mcpu=cortex-m4 -T"D:\OneDrive - 独立行政法人 国立高等専門学校機構\github\development-F446RE\20250220_rec_sumch2\STM32F446RETX_FLASH.ld" --specs=nosys.specs -Wl,-Map="20250220_rec_sumch2.map" -Wl,--gc-sections -static --specs=nano.specs -mfpu=fpv4-sp-d16 -mfloat-abi=hard -mthumb -Wl,--start-group -lc -lm -Wl,--end-group
Finished building target: 20250220_rec_sumch2.elf
 
arm-none-eabi-size  20250220_rec_sumch2.elf 
arm-none-eabi-objdump -h -S 20250220_rec_sumch2.elf  > "20250220_rec_sumch2.list"
   text	   data	    bss	    dec	    hex	filename
  17084	    104	   2120	  19308	   4b6c	20250220_rec_sumch2.elf
Finished building: default.size.stdout
 
Finished building: 20250220_rec_sumch2.list
 
09:27:05 **** インクリメンタル・ビルド of configuration Debug for project 20250220_rec_sumch2 ****
make -j16 all 
arm-none-eabi-gcc "../Core/Src/main.c" -mcpu=cortex-m4 -std=gnu11 -g3 -DDEBUG -DUSE_HAL_DRIVER -DSTM32F446xx -c -I../Core/Inc -I../Drivers/STM32F4xx_HAL_Driver/Inc -I../Drivers/STM32F4xx_HAL_Driver/Inc/Legacy -I../Drivers/CMSIS/Device/ST/STM32F4xx/Include -I../Drivers/CMSIS/Include -O0 -ffunction-sections -fdata-sections -Wall -fstack-usage -fcyclomatic-complexity -MMD -MP -MF"Core/Src/main.d" -MT"Core/Src/main.o" --specs=nano.specs -mfpu=fpv4-sp-d16 -mfloat-abi=hard -mthumb -o "Core/Src/main.o"
../Core/Src/main.c: In function 'main':
../Core/Src/main.c:136:62: error: 'i' undeclared (first use in this function)
  136 |                                           printf("%2d:%02x ",i,revdata[i]);
      |                                                              ^
../Core/Src/main.c:136:62: note: each undeclared identifier is reported only once for each function it appears in
../Core/Src/main.c:155:11: warning: implicit declaration of function 'memset' [-Wimplicit-function-declaration]
  155 |           memset(revdata,0x00,sizeof(revdata));
      |           ^~~~~~
../Core/Src/main.c:25:1: note: include '<string.h>' or provide a declaration of 'memset'
   24 | #include <stdio.h>
  +++ |+#include <string.h>
   25 | 
../Core/Src/main.c:155:11: warning: incompatible implicit declaration of built-in function 'memset' [-Wbuiltin-declaration-mismatch]
  155 |           memset(revdata,0x00,sizeof(revdata));
      |           ^~~~~~
../Core/Src/main.c:155:11: note: include '<string.h>' or provide a declaration of 'memset'
make: *** [Core/Src/subdir.mk:34: Core/Src/main.o] Error 1
"make -j16 all" terminated with exit code 2. Build might be incomplete.
09:28:15 **** インクリメンタル・ビルド of configuration Debug for project 20250220_rec_sumch2 ****
make -j16 all 
arm-none-eabi-gcc "../Core/Src/main.c" -mcpu=cortex-m4 -std=gnu11 -g3 -DDEBUG -DUSE_HAL_DRIVER -DSTM32F446xx -c -I../Core/Inc -I../Drivers/STM32F4xx_HAL_Driver/Inc -I../Drivers/STM32F4xx_HAL_Driver/Inc/Legacy -I../Drivers/CMSIS/Device/ST/STM32F4xx/Include -I../Drivers/CMSIS/Include -O0 -ffunction-sections -fdata-sections -Wall -fstack-usage -fcyclomatic-complexity -MMD -MP -MF"Core/Src/main.d" -MT"Core/Src/main.o" --specs=nano.specs -mfpu=fpv4-sp-d16 -mfloat-abi=hard -mthumb -o "Core/Src/main.o"
../Core/Src/main.c: In function 'main':
../Core/Src/main.c:161:11: warning: implicit declaration of function 'memset' [-Wimplicit-function-declaration]
  161 |           memset(revdata,0x00,sizeof(revdata));
      |           ^~~~~~
../Core/Src/main.c:25:1: note: include '<string.h>' or provide a declaration of 'memset'
   24 | #include <stdio.h>
  +++ |+#include <string.h>
   25 | 
../Core/Src/main.c:161:11: warning: incompatible implicit declaration of built-in function 'memset' [-Wbuiltin-declaration-mismatch]
  161 |           memset(revdata,0x00,sizeof(revdata));
      |           ^~~~~~
../Core/Src/main.c:161:11: note: include '<string.h>' or provide a declaration of 'memset'
arm-none-eabi-gcc -o "20250220_rec_sumch2.elf" @"objects.list"   -mcpu=cortex-m4 -T"D:\OneDrive - 独立行政法人 国立高等専門学校機構\github\development-F446RE\20250220_rec_sumch2\STM32F446RETX_FLASH.ld" --specs=nosys.specs -Wl,-Map="20250220_rec_sumch2.map" -Wl,--gc-sections -static --specs=nano.specs -mfpu=fpv4-sp-d16 -mfloat-abi=hard -mthumb -Wl,--start-group -lc -lm -Wl,--end-group
Finished building target: 20250220_rec_sumch2.elf
 
arm-none-eabi-size  20250220_rec_sumch2.elf 
arm-none-eabi-objdump -h -S 20250220_rec_sumch2.elf  > "20250220_rec_sumch2.list"
   text	   data	    bss	    dec	    hex	filename
  17164	    104	   2120	  19388	   4bbc	20250220_rec_sumch2.elf
Finished building: default.size.stdout
 
Finished building: 20250220_rec_sumch2.list
 
09:29:00 **** インクリメンタル・ビルド of configuration Debug for project 20250220_rec_sumch2 ****
make -j16 all 
arm-none-eabi-gcc "../Core/Src/main.c" -mcpu=cortex-m4 -std=gnu11 -g3 -DDEBUG -DUSE_HAL_DRIVER -DSTM32F446xx -c -I../Core/Inc -I../Drivers/STM32F4xx_HAL_Driver/Inc -I../Drivers/STM32F4xx_HAL_Driver/Inc/Legacy -I../Drivers/CMSIS/Device/ST/STM32F4xx/Include -I../Drivers/CMSIS/Include -O0 -ffunction-sections -fdata-sections -Wall -fstack-usage -fcyclomatic-complexity -MMD -MP -MF"Core/Src/main.d" -MT"Core/Src/main.o" --specs=nano.specs -mfpu=fpv4-sp-d16 -mfloat-abi=hard -mthumb -o "Core/Src/main.o"
../Core/Src/main.c: In function 'main':
../Core/Src/main.c:161:11: warning: implicit declaration of function 'memset' [-Wimplicit-function-declaration]
  161 |           memset(revdata,0x00,sizeof(revdata));
      |           ^~~~~~
../Core/Src/main.c:25:1: note: include '<string.h>' or provide a declaration of 'memset'
   24 | #include <stdio.h>
  +++ |+#include <string.h>
   25 | 
../Core/Src/main.c:161:11: warning: incompatible implicit declaration of built-in function 'memset' [-Wbuiltin-declaration-mismatch]
  161 |           memset(revdata,0x00,sizeof(revdata));
      |           ^~~~~~
../Core/Src/main.c:161:11: note: include '<string.h>' or provide a declaration of 'memset'
arm-none-eabi-gcc -o "20250220_rec_sumch2.elf" @"objects.list"   -mcpu=cortex-m4 -T"D:\OneDrive - 独立行政法人 国立高等専門学校機構\github\development-F446RE\20250220_rec_sumch2\STM32F446RETX_FLASH.ld" --specs=nosys.specs -Wl,-Map="20250220_rec_sumch2.map" -Wl,--gc-sections -static --specs=nano.specs -mfpu=fpv4-sp-d16 -mfloat-abi=hard -mthumb -Wl,--start-group -lc -lm -Wl,--end-group
Finished building target: 20250220_rec_sumch2.elf
 
arm-none-eabi-size  20250220_rec_sumch2.elf 
arm-none-eabi-objdump -h -S 20250220_rec_sumch2.elf  > "20250220_rec_sumch2.list"
   text	   data	    bss	    dec	    hex	filename
  17156	    104	   2120	  19380	   4bb4	20250220_rec_sumch2.elf
Finished building: default.size.stdout
 
Finished building: 20250220_rec_sumch2.list
 
09:32:06 **** インクリメンタル・ビルド of configuration Debug for project 20250220_rec_sumch2 ****
make -j16 all 
arm-none-eabi-gcc "../Core/Src/main.c" -mcpu=cortex-m4 -std=gnu11 -g3 -DDEBUG -DUSE_HAL_DRIVER -DSTM32F446xx -c -I../Core/Inc -I../Drivers/STM32F4xx_HAL_Driver/Inc -I../Drivers/STM32F4xx_HAL_Driver/Inc/Legacy -I../Drivers/CMSIS/Device/ST/STM32F4xx/Include -I../Drivers/CMSIS/Include -O0 -ffunction-sections -fdata-sections -Wall -fstack-usage -fcyclomatic-complexity -MMD -MP -MF"Core/Src/main.d" -MT"Core/Src/main.o" --specs=nano.specs -mfpu=fpv4-sp-d16 -mfloat-abi=hard -mthumb -o "Core/Src/main.o"
../Core/Src/main.c: In function 'main':
../Core/Src/main.c:161:11: warning: implicit declaration of function 'memset' [-Wimplicit-function-declaration]
  161 |           memset(revdata,0x00,sizeof(revdata));
      |           ^~~~~~
../Core/Src/main.c:25:1: note: include '<string.h>' or provide a declaration of 'memset'
   24 | #include <stdio.h>
  +++ |+#include <string.h>
   25 | 
../Core/Src/main.c:161:11: warning: incompatible implicit declaration of built-in function 'memset' [-Wbuiltin-declaration-mismatch]
  161 |           memset(revdata,0x00,sizeof(revdata));
      |           ^~~~~~
../Core/Src/main.c:161:11: note: include '<string.h>' or provide a declaration of 'memset'
arm-none-eabi-gcc -o "20250220_rec_sumch2.elf" @"objects.list"   -mcpu=cortex-m4 -T"D:\OneDrive - 独立行政法人 国立高等専門学校機構\github\development-F446RE\20250220_rec_sumch2\STM32F446RETX_FLASH.ld" --specs=nosys.specs -Wl,-Map="20250220_rec_sumch2.map" -Wl,--gc-sections -static --specs=nano.specs -mfpu=fpv4-sp-d16 -mfloat-abi=hard -mthumb -Wl,--start-group -lc -lm -Wl,--end-group
Finished building target: 20250220_rec_sumch2.elf
 
arm-none-eabi-size  20250220_rec_sumch2.elf 
arm-none-eabi-objdump -h -S 20250220_rec_sumch2.elf  > "20250220_rec_sumch2.list"
   text	   data	    bss	    dec	    hex	filename
  17152	    104	   2120	  19376	   4bb0	20250220_rec_sumch2.elf
Finished building: default.size.stdout
 
Finished building: 20250220_rec_sumch2.list
 
09:32:36 **** インクリメンタル・ビルド of configuration Debug for project 20250220_rec_sumch2 ****
make -j16 all 
arm-none-eabi-gcc "../Core/Src/main.c" -mcpu=cortex-m4 -std=gnu11 -g3 -DDEBUG -DUSE_HAL_DRIVER -DSTM32F446xx -c -I../Core/Inc -I../Drivers/STM32F4xx_HAL_Driver/Inc -I../Drivers/STM32F4xx_HAL_Driver/Inc/Legacy -I../Drivers/CMSIS/Device/ST/STM32F4xx/Include -I../Drivers/CMSIS/Include -O0 -ffunction-sections -fdata-sections -Wall -fstack-usage -fcyclomatic-complexity -MMD -MP -MF"Core/Src/main.d" -MT"Core/Src/main.o" --specs=nano.specs -mfpu=fpv4-sp-d16 -mfloat-abi=hard -mthumb -o "Core/Src/main.o"
../Core/Src/main.c: In function 'main':
../Core/Src/main.c:161:11: warning: implicit declaration of function 'memset' [-Wimplicit-function-declaration]
  161 |           memset(revdata,0x00,sizeof(revdata));
      |           ^~~~~~
../Core/Src/main.c:25:1: note: include '<string.h>' or provide a declaration of 'memset'
   24 | #include <stdio.h>
  +++ |+#include <string.h>
   25 | 
../Core/Src/main.c:161:11: warning: incompatible implicit declaration of built-in function 'memset' [-Wbuiltin-declaration-mismatch]
  161 |           memset(revdata,0x00,sizeof(revdata));
      |           ^~~~~~
../Core/Src/main.c:161:11: note: include '<string.h>' or provide a declaration of 'memset'
arm-none-eabi-gcc -o "20250220_rec_sumch2.elf" @"objects.list"   -mcpu=cortex-m4 -T"D:\OneDrive - 独立行政法人 国立高等専門学校機構\github\development-F446RE\20250220_rec_sumch2\STM32F446RETX_FLASH.ld" --specs=nosys.specs -Wl,-Map="20250220_rec_sumch2.map" -Wl,--gc-sections -static --specs=nano.specs -mfpu=fpv4-sp-d16 -mfloat-abi=hard -mthumb -Wl,--start-group -lc -lm -Wl,--end-group
Finished building target: 20250220_rec_sumch2.elf
 
arm-none-eabi-size  20250220_rec_sumch2.elf 
arm-none-eabi-objdump -h -S 20250220_rec_sumch2.elf  > "20250220_rec_sumch2.list"
   text	   data	    bss	    dec	    hex	filename
  17156	    104	   2120	  19380	   4bb4	20250220_rec_sumch2.elf
Finished building: default.size.stdout
 
Finished building: 20250220_rec_sumch2.list
 
09:48:21 **** インクリメンタル・ビルド of configuration Debug for project 20250220_rec_sumch2 ****
make -j16 all 
[...]
In file included from ../Core/Src/USART_Arduino.c:8:
../Core/Inc/USART_Arduino.h:65:13: error: unknown type name 'UART_HandleTypeDef'
   65 | int getData(UART_HandleTypeDef* huart,getdata* revdata);
      |             ^~~~~~~~~~~~~~~~~~
../Core/Inc/USART_Arduino.h:66:15: error: unknown type name 'UART_HandleTypeDef'
   66 | uint8_t RevAF(UART_HandleTypeDef* huart);
      |               ^~~~~~~~~~~~~~~~~~
../Core/Inc/USART_Arduino.h:67:15: error: unknown type name 'UART_HandleTypeDef'
   67 | void AddArray(UART_HandleTypeDef* huart,uint8_t* Adata);
      |               ^~~~~~~~~~~~~~~~~~
../Core/Src/USART_Arduino.c:11:13: error: unknown type name 'UART_HandleTypeDef'
   11 | int getData(UART_HandleTypeDef* huart,getdata* revdata){
      |             ^~~~~~~~~~~~~~~~~~
../Core/Src/USART_Arduino.c:23:15: error: unknown type name 'UART_HandleTypeDef'
   23 | uint8_t RevAF(UART_HandleTypeDef* huart){
      |               ^~~~~~~~~~~~~~~~~~
../Core/Src/USART_Arduino.c:46:15: error: unknown type name 'UART_HandleTypeDef'
   46 | void AddArray(UART_HandleTypeDef* huart,uint8_t* Adata){
      |               ^~~~~~~~~~~~~~~~~~
make: *** [Core/Src/subdir.mk:37: Core/Src/USART_Arduino.o] Error 1
make: *** Waiting for unfinished jobs....
../Core/Src/main.c: In function 'main':
../Core/Src/main.c:97:11: warning: unused variable 'data' [-Wunused-variable]
   97 |   getdata data;
      |           ^~~~
"make -j16 all" terminated with exit code 2. Build might be incomplete.
16:54:40 **** インクリメンタル・ビルド of configuration Debug for project 20250303_revstruct1 ****
make -j16 all 
arm-none-eabi-gcc "../Core/Src/USART_Arduino.c" -mcpu=cortex-m4 -std=gnu11 -g3 -DDEBUG -DUSE_HAL_DRIVER -DSTM32F446xx -c -I../Core/Inc -I../Drivers/STM32F4xx_HAL_Driver/Inc -I../Drivers/STM32F4xx_HAL_Driver/Inc/Legacy -I../Drivers/CMSIS/Device/ST/STM32F4xx/Include -I../Drivers/CMSIS/Include -O0 -ffunction-sections -fdata-sections -Wall -fstack-usage -fcyclomatic-complexity -MMD -MP -MF"Core/Src/USART_Arduino.d" -MT"Core/Src/USART_Arduino.o" --specs=nano.specs -mfpu=fpv4-sp-d16 -mfloat-abi=hard -mthumb -o "Core/Src/USART_Arduino.o"
arm-none-eabi-gcc "../Core/Src/main.c" -mcpu=cortex-m4 -std=gnu11 -g3 -DDEBUG -DUSE_HAL_DRIVER -DSTM32F446xx -c -I../Core/Inc -I../Drivers/STM32F4xx_HAL_Driver/Inc -I../Drivers/STM32F4xx_HAL_Driver/Inc/Legacy -I../Drivers/CMSIS/Device/ST/STM32F4xx/Include -I../Drivers/CMSIS/Include -O0 -ffunction-sections -fdata-sections -Wall -fstack-usage -fcyclomatic-complexity -MMD -MP -MF"Core/Src/main.d" -MT"Core/Src/main.o" --specs=nano.specs -mfpu=fpv4-sp-d16 -mfloat-abi=hard -mthumb -o "Core/Src/main.o"
../Core/Src/main.c: In function 'main':
../Core/Src/main.c:97:11: warning: unused variable 'data' [-Wunused-variable]
   97 |   getdata data;
      |           ^~~~
arm-none-eabi-gcc -o "20250303_revstruct1.elf" @"objects.list"   -mcpu=cortex-m4 -T"D:\OneDrive - 独立行政法人 国立高等専門学校機構\github\development-F446RE\20250303_revstruct1\STM32F446RETX_FLASH.ld" --specs=nosys.specs -Wl,-Map="20250303_revstruct1.map" -Wl,--gc-sections -static --specs=nano.specs -mfpu=fpv4-sp-d16 -mfloat-abi=hard -mthumb -Wl,--start-group -lc -lm -Wl,--end-group
Finished building target: 20250303_revstruct1.elf
 
arm-none-eabi-size  20250303_revstruct1.elf 
arm-none-eabi-objdump -h -S 20250303_revstruct1.elf  > "20250303_revstruct1.list"
   text	   data	    bss	    dec	    hex	filename
  11932	    104	   1976	  14012	   36bc	20250303_revstruct1.elf
Finished building: default.size.stdout
 
Finished building: 20250303_revstruct1.list
 
16:55:05 **** インクリメンタル・ビルド of configuration Debug for project 20250303_revstruct1 ****
make -j16 all 
arm-none-eabi-gcc "../Core/Src/USART_Arduino.c" -mcpu=cortex-m4 -std=gnu11 -g3 -DDEBUG -DUSE_HAL_DRIVER -DSTM32F446xx -c -I../Core/Inc -I../Drivers/STM32F4xx_HAL_Driver/Inc -I../Drivers/STM32F4xx_HAL_Driver/Inc/Legacy -I../Drivers/CMSIS/Device/ST/STM32F4xx/Include -I../Drivers/CMSIS/Include -O0 -ffunction-sections -fdata-sections -Wall -fstack-usage -fcyclomatic-complexity -MMD -MP -MF"Core/Src/USART_Arduino.d" -MT"Core/Src/USART_Arduino.o" --specs=nano.specs -mfpu=fpv4-sp-d16 -mfloat-abi=hard -mthumb -o "Core/Src/USART_Arduino.o"
arm-none-eabi-gcc "../Core/Src/main.c" -mcpu=cortex-m4 -std=gnu11 -g3 -DDEBUG -DUSE_HAL_DRIVER -DSTM32F446xx -c -I../Core/Inc -I../Drivers/STM32F4xx_HAL_Driver/Inc -I../Drivers/STM32F4xx_HAL_Driver/Inc/Legacy -I../Drivers/CMSIS/Device/ST/STM32F4xx/Include -I../Drivers/CMSIS/Include -O0 -ffunction-sections -fdata-sections -Wall -fstack-usage -fcyclomatic-complexity -MMD -MP -MF"Core/Src/main.d" -MT"Core/Src/main.o" --specs=nano.specs -mfpu=fpv4-sp-d16 -mfloat-abi=hard -mthumb -o "Core/Src/main.o"
In file included from ../Core/Src/USART_Arduino.c:8:
../Core/Inc/USART_Arduino.h:16:20: error: expected ':', ',', ';', '}' or '__attribute__' before '=' token
   16 |         uint8_t LX = 0x80;
      |                    ^
../Core/Src/USART_Arduino.c: In function 'AddStruct':
../Core/Src/USART_Arduino.c:83:14: error: 'getdata' has no member named 'LX'
   83 |         Udata->LX = Adata[1];
      |              ^~
../Core/Src/USART_Arduino.c:84:14: error: 'getdata' has no member named 'LY'
   84 |         Udata->LY = Adata[2];
      |              ^~
../Core/Src/USART_Arduino.c:85:14: error: 'getdata' has no member named 'L2'
   85 |         Udata->L2 = Adata[5];
      |              ^~
../Core/Src/USART_Arduino.c:86:14: error: 'getdata' has no member named 'RX'
   86 |         Udata->RX = Adata[3];
      |              ^~
../Core/Src/USART_Arduino.c:87:14: error: 'getdata' has no member named 'RY'
   87 |         Udata->RY = Adata[4];
      |              ^~
../Core/Src/USART_Arduino.c:88:14: error: 'getdata' has no member named 'R2'
   88 |         Udata->R2 = Adata[6];
      |              ^~
../Core/Src/USART_Arduino.c:90:38: error: 'getdata' has no member named 'TRIANGLE'
   90 |         if(Adata[6] & 0x01)     Udata->TRIANGLE = 1;
      |                                      ^~
../Core/Src/USART_Arduino.c:91:38: error: 'getdata' has no member named 'CIRCLE'
   91 |         if(Adata[6] & 0x02)     Udata->CIRCLE   = 1;
      |                                      ^~
../Core/Src/USART_Arduino.c:92:38: error: 'getdata' has no member named 'CROSS'
   92 |         if(Adata[6] & 0x04)     Udata->CROSS    = 1;
      |                                      ^~
../Core/Src/USART_Arduino.c:93:38: error: 'getdata' has no member named 'SQUARE'
   93 |         if(Adata[6] & 0x08)     Udata->SQUARE   = 1;
      |                                      ^~
../Core/Src/USART_Arduino.c:94:38: error: 'getdata' has no member named 'UP'
   94 |         if(Adata[6] & 0x10)     Udata->UP               = 1;
      |                                      ^~
../Core/Src/USART_Arduino.c:95:38: error: 'getdata' has no member named 'RIGHT'
   95 |         if(Adata[6] & 0x20)     Udata->RIGHT    = 1;
      |                                      ^~
../Core/Src/USART_Arduino.c:96:38: error: 'getdata' has no member named 'DOWN'
   96 |         if(Adata[6] & 0x40)     Udata->DOWN     = 1;
      |                                      ^~
../Core/Src/USART_Arduino.c:97:38: error: 'getdata' has no member named 'LEFT'
   97 |         if(Adata[6] & 0x80)     Udata->LEFT             = 1;
      |                                      ^~
../Core/Src/USART_Arduino.c:99:38: error: 'getdata' has no member named 'L1'
   99 |         if(Adata[7] & 0x01)     Udata->L1               = 1;
      |                                      ^~
../Core/Src/USART_Arduino.c:100:38: error: 'getdata' has no member named 'L3'
  100 |         if(Adata[7] & 0x02)     Udata->L3               = 1;
      |                                      ^~
../Core/Src/USART_Arduino.c:101:38: error: 'getdata' has no member named 'R1'
  101 |         if(Adata[7] & 0x04)     Udata->R1               = 1;
      |                                      ^~
../Core/Src/USART_Arduino.c:102:38: error: 'getdata' has no member named 'R3'
  102 |         if(Adata[7] & 0x08)     Udata->R3               = 1;
      |                                      ^~
../Core/Src/USART_Arduino.c:103:38: error: 'getdata' has no member named 'SHARE'
  103 |         if(Adata[7] & 0x10)     Udata->SHARE    = 1;
      |                                      ^~
../Core/Src/USART_Arduino.c:104:38: error: 'getdata' has no member named 'OPTION'
  104 |         if(Adata[7] & 0x20)     Udata->OPTION   = 1;
      |                                      ^~
../Core/Src/USART_Arduino.c:105:38: error: 'getdata' has no member named 'PS'
  105 |         if(Adata[7] & 0x40)     Udata->PS               = 1;
      |                                      ^~
../Core/Src/USART_Arduino.c:106:38: error: 'getdata' has no member named 'TOUCHPAD'
  106 |         if(Adata[7] & 0x80)     Udata->TOUCHPAD = 1;
      |                                      ^~
../Core/Src/USART_Arduino.c: In function 'StructInit':
../Core/Src/USART_Arduino.c:112:14: error: 'getdata' has no member named 'LX'
  112 |         Udata->LX = 0x80;
      |              ^~
../Core/Src/USART_Arduino.c:113:14: error: 'getdata' has no member named 'LY'
  113 |         Udata->LY = 0x80;
      |              ^~
../Core/Src/USART_Arduino.c:114:14: error: 'getdata' has no member named 'L2'
  114 |         Udata->L2 = 0x00;
      |              ^~
../Core/Src/USART_Arduino.c:115:14: error: 'getdata' has no member named 'RX'
  115 |         Udata->RX = 0x80;
      |              ^~
../Core/Src/USART_Arduino.c:116:14: error: 'getdata' has no member named 'RY'
  116 |         Udata->RY = 0x80;
      |              ^~
../Core/Src/USART_Arduino.c:117:14: error: 'getdata' has no member named 'R2'
  117 |         Udata->R2 = 0x00;
      |              ^~
../Core/Src/USART_Arduino.c:119:14: error: 'getdata' has no member named 'TRIANGLE'
  119 |         Udata->TRIANGLE = 0;
      |              ^~
../Core/Src/USART_Arduino.c:120:14: error: 'getdata' has no member named 'CIRCLE'
  120 |         Udata->CIRCLE = 0;
      |              ^~
../Core/Src/USART_Arduino.c:121:14: error: 'getdata' has no member named 'CROSS'
  121 |         Udata->CROSS = 0;
      |              ^~
../Core/Src/USART_Arduino.c:122:14: error: 'getdata' has no member named 'SQUARE'
  122 |         Udata->SQUARE = 0;
      |              ^~
../Core/Src/USART_Arduino.c:123:14: error: 'getdata' has no member named 'UP'
  123 |         Udata->UP = 0;
      |              ^~
../Core/Src/USART_Arduino.c:124:14: error: 'getdata' has no member named 'RIGHT'
  124 |         Udata->RIGHT = 0;
      |              ^~
../Core/Src/USART_Arduino.c:125:14: error: 'getdata' has no member named 'DOWN'
  125 |         Udata->DOWN = 0;
      |              ^~
../Core/Src/USART_Arduino.c:126:14: error: 'getdata' has no member named 'LEFT'
  126 |         Udata->LEFT = 0;
      |              ^~
../Core/Src/USART_Arduino.c:127:14: error: 'getdata' has no member named 'L1'
  127 |         Udata->L1 = 0;
      |              ^~
../Core/Src/USART_Arduino.c:128:14: error: 'getdata' has no member named 'L3'
  128 |         Udata->L3 = 0;
      |              ^~
../Core/Src/USART_Arduino.c:129:14: error: 'getdata' has no member named 'R1'
  129 |         Udata->R1 = 0;
      |              ^~
../Core/Src/USART_Arduino.c:130:14: error: 'getdata' has no member named 'R3'
  130 |         Udata->R3 = 0;
      |              ^~
../Core/Src/USART_Arduino.c:131:14: error: 'getdata' has no member named 'SHARE'
  131 |         Udata->SHARE = 0;
      |              ^~
../Core/Src/USART_Arduino.c:132:14: error: 'getdata' has no member named 'OPTION'
  132 |         Udata->OPTION = 0;
      |              ^~
../Core/Src/USART_Arduino.c:133:14: error: 'getdata' has no member named 'PS'
  133 |         Udata->PS = 0;
      |              ^~
../Core/Src/USART_Arduino.c:134:14: error: 'getdata' has no member named 'TOUCHPAD'
  134 |         Udata->TOUCHPAD = 0;
      |              ^~
make: *** [Core/Src/subdir.mk:37: Core/Src/USART_Arduino.o] Error 1
make: *** Waiting for unfinished jobs....
In file included from ../Core/Src/main.c:26:
../Core/Inc/USART_Arduino.h:16:20: error: expected ':', ',', ';', '}' or '__attribute__' before '=' token
   16 |         uint8_t LX = 0x80;
      |                    ^
../Core/Src/main.c: In function 'main':
../Core/Src/main.c:97:11: warning: unused variable 'data' [-Wunused-variable]
   97 |   getdata data;
      |           ^~~~
make: *** [Core/Src/subdir.mk:37: Core/Src/main.o] Error 1
"make -j16 all" terminated with exit code 2. Build might be incomplete.
16:55:26 **** インクリメンタル・ビルド of configuration Debug for project 20250303_revstruct1 ****
make -j16 all 
arm-none-eabi-gcc "../Core/Src/USART_Arduino.c" -mcpu=cortex-m4 -std=gnu11 -g3 -DDEBUG -DUSE_HAL_DRIVER -DSTM32F446xx -c -I../Core/Inc -I../Drivers/STM32F4xx_HAL_Driver/Inc -I../Drivers/STM32F4xx_HAL_Driver/Inc/Legacy -I../Drivers/CMSIS/Device/ST/STM32F4xx/Include -I../Drivers/CMSIS/Include -O0 -ffunction-sections -fdata-sections -Wall -fstack-usage -fcyclomatic-complexity -MMD -MP -MF"Core/Src/USART_Arduino.d" -MT"Core/Src/USART_Arduino.o" --specs=nano.specs -mfpu=fpv4-sp-d16 -mfloat-abi=hard -mthumb -o "Core/Src/USART_Arduino.o"
arm-none-eabi-gcc "../Core/Src/main.c" -mcpu=cortex-m4 -std=gnu11 -g3 -DDEBUG -DUSE_HAL_DRIVER -DSTM32F446xx -c -I../Core/Inc -I../Drivers/STM32F4xx_HAL_Driver/Inc -I../Drivers/STM32F4xx_HAL_Driver/Inc/Legacy -I../Drivers/CMSIS/Device/ST/STM32F4xx/Include -I../Drivers/CMSIS/Include -O0 -ffunction-sections -fdata-sections -Wall -fstack-usage -fcyclomatic-complexity -MMD -MP -MF"Core/Src/main.d" -MT"Core/Src/main.o" --specs=nano.specs -mfpu=fpv4-sp-d16 -mfloat-abi=hard -mthumb -o "Core/Src/main.o"
../Core/Src/main.c: In function 'main':
../Core/Src/main.c:97:11: warning: unused variable 'data' [-Wunused-variable]
   97 |   getdata data;
      |           ^~~~
arm-none-eabi-gcc -o "20250303_revstruct1.elf" @"objects.list"   -mcpu=cortex-m4 -T"D:\OneDrive - 独立行政法人 国立高等専門学校機構\github\development-F446RE\20250303_revstruct1\STM32F446RETX_FLASH.ld" --specs=nosys.specs -Wl,-Map="20250303_revstruct1.map" -Wl,--gc-sections -static --specs=nano.specs -mfpu=fpv4-sp-d16 -mfloat-abi=hard -mthumb -Wl,--start-group -lc -lm -Wl,--end-group
Finished building target: 20250303_revstruct1.elf
 
arm-none-eabi-size  20250303_revstruct1.elf 
arm-none-eabi-objdump -h -S 20250303_revstruct1.elf  > "20250303_revstruct1.list"
   text	   data	    bss	    dec	    hex	filename
  11932	    104	   1976	  14012	   36bc	20250303_revstruct1.elf
Finished building: default.size.stdout
 
Finished building: 20250303_revstruct1.list
 
16:56:47 **** インクリメンタル・ビルド of configuration Debug for project 20250303_revstruct1 ****
make -j16 all 
arm-none-eabi-gcc "../Core/Src/USART_Arduino.c" -mcpu=cortex-m4 -std=gnu11 -g3 -DDEBUG -DUSE_HAL_DRIVER -DSTM32F446xx -c -I../Core/Inc -I../Drivers/STM32F4xx_HAL_Driver/Inc -I../Drivers/STM32F4xx_HAL_Driver/Inc/Legacy -I../Drivers/CMSIS/Device/ST/STM32F4xx/Include -I../Drivers/CMSIS/Include -O0 -ffunction-sections -fdata-sections -Wall -fstack-usage -fcyclomatic-complexity -MMD -MP -MF"Core/Src/USART_Arduino.d" -MT"Core/Src/USART_Arduino.o" --specs=nano.specs -mfpu=fpv4-sp-d16 -mfloat-abi=hard -mthumb -o "Core/Src/USART_Arduino.o"
../Core/Src/USART_Arduino.c: In function 'getData':
../Core/Src/USART_Arduino.c:17:25: warning: implicit declaration of function 'memset' [-Wimplicit-function-declaration]
   17 |                         memset(Rdata,0x00,sizeof(Rdata));
      |                         ^~~~~~
../Core/Src/USART_Arduino.c:10:1: note: include '<string.h>' or provide a declaration of 'memset'
    9 | #include <stdio.h>
  +++ |+#include <string.h>
   10 | 
../Core/Src/USART_Arduino.c:17:25: warning: incompatible implicit declaration of built-in function 'memset' [-Wbuiltin-declaration-mismatch]
   17 |                         memset(Rdata,0x00,sizeof(Rdata));
      |                         ^~~~~~
../Core/Src/USART_Arduino.c:17:25: note: include '<string.h>' or provide a declaration of 'memset'
arm-none-eabi-gcc -o "20250303_revstruct1.elf" @"objects.list"   -mcpu=cortex-m4 -T"D:\OneDrive - 独立行政法人 国立高等専門学校機構\github\development-F446RE\20250303_revstruct1\STM32F446RETX_FLASH.ld" --specs=nosys.specs -Wl,-Map="20250303_revstruct1.map" -Wl,--gc-sections -static --specs=nano.specs -mfpu=fpv4-sp-d16 -mfloat-abi=hard -mthumb -Wl,--start-group -lc -lm -Wl,--end-group
Finished building target: 20250303_revstruct1.elf
 
arm-none-eabi-size  20250303_revstruct1.elf 
arm-none-eabi-objdump -h -S 20250303_revstruct1.elf  > "20250303_revstruct1.list"
   text	   data	    bss	    dec	    hex	filename
  11932	    104	   1976	  14012	   36bc	20250303_revstruct1.elf
Finished building: default.size.stdout
 
Finished building: 20250303_revstruct1.list
 
16:57:55 **** インクリメンタル・ビルド of configuration Debug for project 20250303_revstruct1 ****
make -j16 all 
arm-none-eabi-gcc "../Core/Src/USART_Arduino.c" -mcpu=cortex-m4 -std=gnu11 -g3 -DDEBUG -DUSE_HAL_DRIVER -DSTM32F446xx -c -I../Core/Inc -I../Drivers/STM32F4xx_HAL_Driver/Inc -I../Drivers/STM32F4xx_HAL_Driver/Inc/Legacy -I../Drivers/CMSIS/Device/ST/STM32F4xx/Include -I../Drivers/CMSIS/Include -O0 -ffunction-sections -fdata-sections -Wall -fstack-usage -fcyclomatic-complexity -MMD -MP -MF"Core/Src/USART_Arduino.d" -MT"Core/Src/USART_Arduino.o" --specs=nano.specs -mfpu=fpv4-sp-d16 -mfloat-abi=hard -mthumb -o "Core/Src/USART_Arduino.o"
arm-none-eabi-gcc -o "20250303_revstruct1.elf" @"objects.list"   -mcpu=cortex-m4 -T"D:\OneDrive - 独立行政法人 国立高等専門学校機構\github\development-F446RE\20250303_revstruct1\STM32F446RETX_FLASH.ld" --specs=nosys.specs -Wl,-Map="20250303_revstruct1.map" -Wl,--gc-sections -static --specs=nano.specs -mfpu=fpv4-sp-d16 -mfloat-abi=hard -mthumb -Wl,--start-group -lc -lm -Wl,--end-group
Finished building target: 20250303_revstruct1.elf
 
arm-none-eabi-size  20250303_revstruct1.elf 
arm-none-eabi-objdump -h -S 20250303_revstruct1.elf  > "20250303_revstruct1.list"
   text	   data	    bss	    dec	    hex	filename
  11932	    104	   1976	  14012	   36bc	20250303_revstruct1.elf
Finished building: default.size.stdout
 
Finished building: 20250303_revstruct1.list
 
08:34:21 **** ビルド of configuration Debug for project 20250303_revstruct1 ****
make -j16 all 
arm-none-eabi-gcc "../Core/Src/USART_Arduino.c" -mcpu=cortex-m4 -std=gnu11 -g3 -DDEBUG -DUSE_HAL_DRIVER -DSTM32F446xx -c -I../Core/Inc -I../Drivers/STM32F4xx_HAL_Driver/Inc -I../Drivers/STM32F4xx_HAL_Driver/Inc/Legacy -I../Drivers/CMSIS/Device/ST/STM32F4xx/Include -I../Drivers/CMSIS/Include -O0 -ffunction-sections -fdata-sections -Wall -fstack-usage -fcyclomatic-complexity -MMD -MP -MF"Core/Src/USART_Arduino.d" -MT"Core/Src/USART_Arduino.o" --specs=nano.specs -mfpu=fpv4-sp-d16 -mfloat-abi=hard -mthumb -o "Core/Src/USART_Arduino.o"
arm-none-eabi-gcc -o "20250303_revstruct1.elf" @"objects.list"   -mcpu=cortex-m4 -T"D:\OneDrive - 独立行政法人 国立高等専門学校機構\github\development-F446RE\20250303_revstruct1\STM32F446RETX_FLASH.ld" --specs=nosys.specs -Wl,-Map="20250303_revstruct1.map" -Wl,--gc-sections -static --specs=nano.specs -mfpu=fpv4-sp-d16 -mfloat-abi=hard -mthumb -Wl,--start-group -lc -lm -Wl,--end-group
Finished building target: 20250303_revstruct1.elf
 
arm-none-eabi-size  20250303_revstruct1.elf 
arm-none-eabi-objdump -h -S 20250303_revstruct1.elf  > "20250303_revstruct1.list"
   text	   data	    bss	    dec	    hex	filename
  11932	    104	   1976	  14012	   36bc	20250303_revstruct1.elf
Finished building: default.size.stdout
 
Finished building: 20250303_revstruct1.list
 
